OpenJDK 64-Bit Server VM (25.91-b14) for linux-amd64 JRE (1.8.0_91-8u91-b14-3ubuntu1~16.04.1-b14), built on Jul 21 2016 04:13:34 by "buildd" with gcc 5.3.1 20160413
Memory: 4k page, physical 8068956k(4171072k free), swap 0k(0k free)
CommandLine flags: -XX:CMSInitiatingOccupancyFraction=50 -XX:CMSMaxAbortablePrecleanTime=6000 -XX:+CMSParallelRemarkEnabled -XX:+CMSScavengeBeforeRemark -XX:ConcGCThreads=4 -XX:InitialHeapSize=536870912 -XX:MaxHeapSize=536870912 -XX:MaxTenuringThreshold=8 -XX:NewRatio=3 -XX:OldPLABSize=16 -XX:OnOutOfMemoryError=/home/ram/startup/solr/bin/oom_solr.sh 8983 /home/ram/startup/solr/server/logs -XX:ParallelGCThreads=4 -XX:+ParallelRefProcEnabled -XX:PretenureSizeThreshold=67108864 -XX:+PrintGC -XX:+PrintGCApplicationStoppedTime -XX:+PrintGCDateStamps -XX:+PrintGCDetails -XX:+PrintGCTimeStamps -XX:+PrintHeapAtGC -XX:+PrintTenuringDistribution -XX:SurvivorRatio=4 -XX:TargetSurvivorRatio=90 -XX:ThreadStackSize=256 -XX:+UseCMSInitiatingOccupancyOnly -XX:+UseCompressedClassPointers -XX:+UseCompressedOops -XX:+UseConcMarkSweepGC -XX:+UseParNewGC 
2016-10-22T07:58:54.744+0530: 0.561: Total time for which application threads were stopped: 0.0000898 seconds, Stopping threads took: 0.0000126 seconds
2016-10-22T07:58:55.045+0530: 0.861: Total time for which application threads were stopped: 0.0001221 seconds, Stopping threads took: 0.0000128 seconds
2016-10-22T07:58:55.178+0530: 0.994: Total time for which application threads were stopped: 0.0000941 seconds, Stopping threads took: 0.0000114 seconds
2016-10-22T07:58:55.705+0530: 1.522: Total time for which application threads were stopped: 0.0001433 seconds, Stopping threads took: 0.0000126 seconds
2016-10-22T07:58:56.206+0530: 2.022: Total time for which application threads were stopped: 0.0001287 seconds, Stopping threads took: 0.0000195 seconds
2016-10-22T07:58:56.287+0530: 2.103: Total time for which application threads were stopped: 0.0001592 seconds, Stopping threads took: 0.0000204 seconds
2016-10-22T07:58:56.339+0530: 2.155: Total time for which application threads were stopped: 0.0001800 seconds, Stopping threads took: 0.0000151 seconds
2016-10-22T07:58:57.175+0530: 2.991: Total time for which application threads were stopped: 0.0002250 seconds, Stopping threads took: 0.0000155 seconds
2016-10-22T07:58:58.172+0530: 3.988: Total time for which application threads were stopped: 0.0002747 seconds, Stopping threads took: 0.0000157 seconds
2016-10-22T07:58:58.237+0530: 4.054: Total time for which application threads were stopped: 0.0002308 seconds, Stopping threads took: 0.0000250 seconds
2016-10-22T07:58:58.447+0530: 4.264: Total time for which application threads were stopped: 0.0002395 seconds, Stopping threads took: 0.0000153 seconds
2016-10-22T07:58:58.448+0530: 4.265: Total time for which application threads were stopped: 0.0001335 seconds, Stopping threads took: 0.0000101 seconds
2016-10-22T07:58:58.491+0530: 4.307: Total time for which application threads were stopped: 0.0001939 seconds, Stopping threads took: 0.0000155 seconds
2016-10-22T07:58:58.629+0530: 4.445: Total time for which application threads were stopped: 0.0002726 seconds, Stopping threads took: 0.0000232 seconds
{Heap before GC invocations=0 (full 0):
 par new generation   total 109248K, used 87424K [0x00000000e0000000, 0x00000000e8000000, 0x00000000e8000000)
  eden space 87424K, 100% used [0x00000000e0000000, 0x00000000e5560000, 0x00000000e5560000)
  from space 21824K,   0% used [0x00000000e5560000, 0x00000000e5560000, 0x00000000e6ab0000)
  to   space 21824K,   0% used [0x00000000e6ab0000, 0x00000000e6ab0000, 0x00000000e8000000)
 concurrent mark-sweep generation total 393216K, used 0K [0x00000000e8000000, 0x0000000100000000, 0x0000000100000000)
 Metaspace       used 16956K, capacity 17238K, committed 17536K, reserved 1064960K
  class space    used 1932K, capacity 2064K, committed 2176K, reserved 1048576K
2016-10-22T07:58:59.295+0530: 5.111: [GC (Allocation Failure) 2016-10-22T07:58:59.295+0530: 5.111: [ParNew
Desired survivor size 20112992 bytes, new threshold 8 (max 8)
- age   1:   10555960 bytes,   10555960 total
: 87424K->10425K(109248K), 0.0141459 secs] 87424K->10425K(502464K), 0.0142536 secs] [Times: user=0.03 sys=0.02, real=0.01 secs] 
Heap after GC invocations=1 (full 0):
 par new generation   total 109248K, used 10425K [0x00000000e0000000, 0x00000000e8000000, 0x00000000e8000000)
  eden space 87424K,   0% used [0x00000000e0000000, 0x00000000e0000000, 0x00000000e5560000)
  from space 21824K,  47% used [0x00000000e6ab0000, 0x00000000e74de548, 0x00000000e8000000)
  to   space 21824K,   0% used [0x00000000e5560000, 0x00000000e5560000, 0x00000000e6ab0000)
 concurrent mark-sweep generation total 393216K, used 0K [0x00000000e8000000, 0x0000000100000000, 0x0000000100000000)
 Metaspace       used 16956K, capacity 17238K, committed 17536K, reserved 1064960K
  class space    used 1932K, capacity 2064K, committed 2176K, reserved 1048576K
}
2016-10-22T07:58:59.309+0530: 5.126: Total time for which application threads were stopped: 0.0144329 seconds, Stopping threads took: 0.0000350 seconds
2016-10-22T07:58:59.313+0530: 5.129: Total time for which application threads were stopped: 0.0001279 seconds, Stopping threads took: 0.0000429 seconds
2016-10-22T07:58:59.317+0530: 5.133: Total time for which application threads were stopped: 0.0001159 seconds, Stopping threads took: 0.0000354 seconds
2016-10-22T07:58:59.317+0530: 5.134: Total time for which application threads were stopped: 0.0000946 seconds, Stopping threads took: 0.0000325 seconds
2016-10-22T07:58:59.319+0530: 5.136: Total time for which application threads were stopped: 0.0001737 seconds, Stopping threads took: 0.0000340 seconds
2016-10-22T07:58:59.321+0530: 5.138: Total time for which application threads were stopped: 0.0001113 seconds, Stopping threads took: 0.0000135 seconds
2016-10-22T07:58:59.382+0530: 5.199: Total time for which application threads were stopped: 0.0003960 seconds, Stopping threads took: 0.0000427 seconds
2016-10-22T07:58:59.424+0530: 5.240: Total time for which application threads were stopped: 0.0001916 seconds, Stopping threads took: 0.0000863 seconds
2016-10-22T07:58:59.424+0530: 5.240: Total time for which application threads were stopped: 0.0001035 seconds, Stopping threads took: 0.0000493 seconds
2016-10-22T07:58:59.434+0530: 5.250: Total time for which application threads were stopped: 0.0001429 seconds, Stopping threads took: 0.0000277 seconds
2016-10-22T07:58:59.451+0530: 5.267: Total time for which application threads were stopped: 0.0000728 seconds, Stopping threads took: 0.0000150 seconds
2016-10-22T07:58:59.454+0530: 5.270: Total time for which application threads were stopped: 0.0000567 seconds, Stopping threads took: 0.0000139 seconds
2016-10-22T07:58:59.548+0530: 5.364: Total time for which application threads were stopped: 0.0000910 seconds, Stopping threads took: 0.0000165 seconds
2016-10-22T07:58:59.550+0530: 5.367: Total time for which application threads were stopped: 0.0000640 seconds, Stopping threads took: 0.0000118 seconds
2016-10-22T07:58:59.569+0530: 5.385: Total time for which application threads were stopped: 0.0000825 seconds, Stopping threads took: 0.0000141 seconds
2016-10-22T07:58:59.615+0530: 5.432: Total time for which application threads were stopped: 0.0000776 seconds, Stopping threads took: 0.0000149 seconds
2016-10-22T07:58:59.634+0530: 5.450: Total time for which application threads were stopped: 0.0000738 seconds, Stopping threads took: 0.0000188 seconds
2016-10-22T07:58:59.634+0530: 5.450: Total time for which application threads were stopped: 0.0000406 seconds, Stopping threads took: 0.0000108 seconds
2016-10-22T07:59:00.356+0530: 6.172: Total time for which application threads were stopped: 0.0000906 seconds, Stopping threads took: 0.0000181 seconds
2016-10-22T07:59:00.359+0530: 6.176: Total time for which application threads were stopped: 0.0000639 seconds, Stopping threads took: 0.0000152 seconds
2016-10-22T07:59:00.360+0530: 6.176: Total time for which application threads were stopped: 0.0000366 seconds, Stopping threads took: 0.0000074 seconds
2016-10-22T07:59:00.368+0530: 6.185: Total time for which application threads were stopped: 0.0000881 seconds, Stopping threads took: 0.0000275 seconds
2016-10-22T07:59:00.370+0530: 6.186: Total time for which application threads were stopped: 0.0000699 seconds, Stopping threads took: 0.0000215 seconds
2016-10-22T07:59:00.371+0530: 6.187: Total time for which application threads were stopped: 0.0000852 seconds, Stopping threads took: 0.0000232 seconds
2016-10-22T07:59:00.371+0530: 6.188: Total time for which application threads were stopped: 0.0000486 seconds, Stopping threads took: 0.0000145 seconds
2016-10-22T07:59:00.371+0530: 6.188: Total time for which application threads were stopped: 0.0000387 seconds, Stopping threads took: 0.0000104 seconds
2016-10-22T07:59:00.371+0530: 6.188: Total time for which application threads were stopped: 0.0000399 seconds, Stopping threads took: 0.0000100 seconds
2016-10-22T07:59:00.371+0530: 6.188: Total time for which application threads were stopped: 0.0000396 seconds, Stopping threads took: 0.0000104 seconds
2016-10-22T07:59:00.372+0530: 6.188: Total time for which application threads were stopped: 0.0001405 seconds, Stopping threads took: 0.0000130 seconds
2016-10-22T07:59:00.564+0530: 6.380: Total time for which application threads were stopped: 0.0002635 seconds, Stopping threads took: 0.0000229 seconds
2016-10-22T07:59:00.604+0530: 6.420: Total time for which application threads were stopped: 0.0002946 seconds, Stopping threads took: 0.0000223 seconds
2016-10-22T07:59:00.632+0530: 6.448: Total time for which application threads were stopped: 0.0003000 seconds, Stopping threads took: 0.0000476 seconds
2016-10-22T07:59:00.979+0530: 6.795: Total time for which application threads were stopped: 0.0001667 seconds, Stopping threads took: 0.0000269 seconds
2016-10-22T07:59:01.005+0530: 6.821: Total time for which application threads were stopped: 0.0000776 seconds, Stopping threads took: 0.0000207 seconds
2016-10-22T07:59:01.005+0530: 6.821: Total time for which application threads were stopped: 0.0000325 seconds, Stopping threads took: 0.0000082 seconds
2016-10-22T07:59:01.009+0530: 6.825: Total time for which application threads were stopped: 0.0001018 seconds, Stopping threads took: 0.0000243 seconds
2016-10-22T07:59:01.066+0530: 6.882: Total time for which application threads were stopped: 0.0000797 seconds, Stopping threads took: 0.0000159 seconds
2016-10-22T07:59:01.066+0530: 6.882: Total time for which application threads were stopped: 0.0000413 seconds, Stopping threads took: 0.0000080 seconds
2016-10-22T07:59:01.066+0530: 6.882: Total time for which application threads were stopped: 0.0000383 seconds, Stopping threads took: 0.0000074 seconds
2016-10-22T07:59:01.066+0530: 6.882: Total time for which application threads were stopped: 0.0000382 seconds, Stopping threads took: 0.0000075 seconds
2016-10-22T07:59:01.066+0530: 6.883: Total time for which application threads were stopped: 0.0000646 seconds, Stopping threads took: 0.0000156 seconds
2016-10-22T07:59:01.066+0530: 6.883: Total time for which application threads were stopped: 0.0000636 seconds, Stopping threads took: 0.0000156 seconds
2016-10-22T07:59:01.067+0530: 6.883: Total time for which application threads were stopped: 0.0000683 seconds, Stopping threads took: 0.0000147 seconds
2016-10-22T07:59:01.067+0530: 6.883: Total time for which application threads were stopped: 0.0000521 seconds, Stopping threads took: 0.0000119 seconds
2016-10-22T07:59:01.163+0530: 6.979: Total time for which application threads were stopped: 0.0001146 seconds, Stopping threads took: 0.0000191 seconds
{Heap before GC invocations=1 (full 0):
 par new generation   total 109248K, used 97849K [0x00000000e0000000, 0x00000000e8000000, 0x00000000e8000000)
  eden space 87424K, 100% used [0x00000000e0000000, 0x00000000e5560000, 0x00000000e5560000)
  from space 21824K,  47% used [0x00000000e6ab0000, 0x00000000e74de548, 0x00000000e8000000)
  to   space 21824K,   0% used [0x00000000e5560000, 0x00000000e5560000, 0x00000000e6ab0000)
 concurrent mark-sweep generation total 393216K, used 0K [0x00000000e8000000, 0x0000000100000000, 0x0000000100000000)
 Metaspace       used 21503K, capacity 21816K, committed 21960K, reserved 1069056K
  class space    used 2491K, capacity 2613K, committed 2684K, reserved 1048576K
2016-10-22T07:59:01.217+0530: 7.033: [GC (Allocation Failure) 2016-10-22T07:59:01.217+0530: 7.033: [ParNew
Desired survivor size 20112992 bytes, new threshold 8 (max 8)
- age   1:    5676176 bytes,    5676176 total
- age   2:    5392432 bytes,   11068608 total
: 97849K->15055K(109248K), 0.0111286 secs] 97849K->15055K(502464K), 0.0111874 secs] [Times: user=0.03 sys=0.01, real=0.01 secs] 
Heap after GC invocations=2 (full 0):
 par new generation   total 109248K, used 15055K [0x00000000e0000000, 0x00000000e8000000, 0x00000000e8000000)
  eden space 87424K,   0% used [0x00000000e0000000, 0x00000000e0000000, 0x00000000e5560000)
  from space 21824K,  68% used [0x00000000e5560000, 0x00000000e6413c68, 0x00000000e6ab0000)
  to   space 21824K,   0% used [0x00000000e6ab0000, 0x00000000e6ab0000, 0x00000000e8000000)
 concurrent mark-sweep generation total 393216K, used 0K [0x00000000e8000000, 0x0000000100000000, 0x0000000100000000)
 Metaspace       used 21503K, capacity 21816K, committed 21960K, reserved 1069056K
  class space    used 2491K, capacity 2613K, committed 2684K, reserved 1048576K
}
2016-10-22T07:59:01.228+0530: 7.044: Total time for which application threads were stopped: 0.0113868 seconds, Stopping threads took: 0.0000322 seconds
2016-10-22T07:59:01.229+0530: 7.046: [GC (CMS Initial Mark) [1 CMS-initial-mark: 0K(393216K)] 16021K(502464K), 0.0052487 secs] [Times: user=0.01 sys=0.00, real=0.01 secs] 
2016-10-22T07:59:01.235+0530: 7.051: Total time for which application threads were stopped: 0.0054644 seconds, Stopping threads took: 0.0000913 seconds
2016-10-22T07:59:01.235+0530: 7.051: [CMS-concurrent-mark-start]
2016-10-22T07:59:01.237+0530: 7.053: [CMS-concurrent-mark: 0.002/0.002 secs] [Times: user=0.00 sys=0.00, real=0.00 secs] 
2016-10-22T07:59:01.237+0530: 7.054: Total time for which application threads were stopped: 0.0001028 seconds, Stopping threads took: 0.0000422 seconds
2016-10-22T07:59:01.237+0530: 7.054: [CMS-concurrent-preclean-start]
2016-10-22T07:59:01.238+0530: 7.055: [CMS-concurrent-preclean: 0.001/0.001 secs] [Times: user=0.01 sys=0.00, real=0.00 secs] 
2016-10-22T07:59:01.239+0530: 7.055: [CMS-concurrent-abortable-preclean-start]
2016-10-22T07:59:01.246+0530: 7.063: Total time for which application threads were stopped: 0.0002670 seconds, Stopping threads took: 0.0001781 seconds
2016-10-22T07:59:01.250+0530: 7.066: Total time for which application threads were stopped: 0.0001208 seconds, Stopping threads took: 0.0000235 seconds
2016-10-22T07:59:01.311+0530: 7.127: Total time for which application threads were stopped: 0.0001467 seconds, Stopping threads took: 0.0000563 seconds
2016-10-22T07:59:01.361+0530: 7.177: Total time for which application threads were stopped: 0.0001225 seconds, Stopping threads took: 0.0000615 seconds
2016-10-22T07:59:01.437+0530: 7.254: Total time for which application threads were stopped: 0.0000869 seconds, Stopping threads took: 0.0000130 seconds
2016-10-22T07:59:01.437+0530: 7.254: [CMS-concurrent-abortable-preclean: 0.117/0.199 secs] [Times: user=0.53 sys=0.01, real=0.20 secs] 
2016-10-22T07:59:01.437+0530: 7.254: [GC (CMS Final Remark) [YG occupancy: 98623 K (109248 K)]{Heap before GC invocations=2 (full 1):
 par new generation   total 109248K, used 98623K [0x00000000e0000000, 0x00000000e8000000, 0x00000000e8000000)
  eden space 87424K,  95% used [0x00000000e0000000, 0x00000000e519c208, 0x00000000e5560000)
  from space 21824K,  68% used [0x00000000e5560000, 0x00000000e6413c68, 0x00000000e6ab0000)
  to   space 21824K,   0% used [0x00000000e6ab0000, 0x00000000e6ab0000, 0x00000000e8000000)
 concurrent mark-sweep generation total 393216K, used 0K [0x00000000e8000000, 0x0000000100000000, 0x0000000100000000)
 Metaspace       used 21912K, capacity 22256K, committed 22548K, reserved 1069056K
  class space    used 2537K, capacity 2649K, committed 2684K, reserved 1048576K
2016-10-22T07:59:01.437+0530: 7.254: [GC (CMS Final Remark) 2016-10-22T07:59:01.438+0530: 7.254: [ParNew
Desired survivor size 20112992 bytes, new threshold 8 (max 8)
- age   1:     957288 bytes,     957288 total
- age   2:    2260360 bytes,    3217648 total
- age   3:    5390848 bytes,    8608496 total
: 98623K->11452K(109248K), 0.0126526 secs] 98623K->11452K(502464K), 0.0127128 secs] [Times: user=0.04 sys=0.00, real=0.01 secs] 
Heap after GC invocations=3 (full 1):
 par new generation   total 109248K, used 11452K [0x00000000e0000000, 0x00000000e8000000, 0x00000000e8000000)
  eden space 87424K,   0% used [0x00000000e0000000, 0x00000000e0000000, 0x00000000e5560000)
  from space 21824K,  52% used [0x00000000e6ab0000, 0x00000000e75df200, 0x00000000e8000000)
  to   space 21824K,   0% used [0x00000000e5560000, 0x00000000e5560000, 0x00000000e6ab0000)
 concurrent mark-sweep generation total 393216K, used 0K [0x00000000e8000000, 0x0000000100000000, 0x0000000100000000)
 Metaspace       used 21912K, capacity 22256K, committed 22548K, reserved 1069056K
  class space    used 2537K, capacity 2649K, committed 2684K, reserved 1048576K
}
2016-10-22T07:59:01.450+0530: 7.267: [Rescan (parallel) , 0.0045373 secs]2016-10-22T07:59:01.455+0530: 7.271: [weak refs processing, 0.0015766 secs]2016-10-22T07:59:01.456+0530: 7.273: [class unloading, 0.0031132 secs]2016-10-22T07:59:01.460+0530: 7.276: [scrub symbol table, 0.0038097 secs]2016-10-22T07:59:01.463+0530: 7.280: [scrub string table, 0.0004609 secs][1 CMS-remark: 0K(393216K)] 11452K(502464K), 0.0271216 secs] [Times: user=0.06 sys=0.00, real=0.02 secs] 
2016-10-22T07:59:01.465+0530: 7.281: Total time for which application threads were stopped: 0.0272436 seconds, Stopping threads took: 0.0000341 seconds
2016-10-22T07:59:01.466+0530: 7.282: [CMS-concurrent-sweep-start]
2016-10-22T07:59:01.466+0530: 7.282: [CMS-concurrent-sweep: 0.000/0.000 secs] [Times: user=0.00 sys=0.00, real=0.00 secs] 
2016-10-22T07:59:01.466+0530: 7.282: [CMS-concurrent-reset-start]
2016-10-22T07:59:01.467+0530: 7.283: Total time for which application threads were stopped: 0.0000866 seconds, Stopping threads took: 0.0000155 seconds
2016-10-22T07:59:01.467+0530: 7.283: Total time for which application threads were stopped: 0.0000544 seconds, Stopping threads took: 0.0000099 seconds
2016-10-22T07:59:01.467+0530: 7.284: [CMS-concurrent-reset: 0.001/0.001 secs] [Times: user=0.01 sys=0.00, real=0.00 secs] 
2016-10-22T07:59:01.569+0530: 7.386: Total time for which application threads were stopped: 0.0001107 seconds, Stopping threads took: 0.0000303 seconds
2016-10-22T07:59:01.574+0530: 7.390: Total time for which application threads were stopped: 0.0000822 seconds, Stopping threads took: 0.0000216 seconds
2016-10-22T07:59:01.600+0530: 7.417: Total time for which application threads were stopped: 0.0000773 seconds, Stopping threads took: 0.0000214 seconds
2016-10-22T07:59:01.601+0530: 7.417: Total time for which application threads were stopped: 0.0000561 seconds, Stopping threads took: 0.0000166 seconds
2016-10-22T07:59:01.602+0530: 7.419: Total time for which application threads were stopped: 0.0001149 seconds, Stopping threads took: 0.0000504 seconds
2016-10-22T07:59:01.697+0530: 7.513: Total time for which application threads were stopped: 0.0003376 seconds, Stopping threads took: 0.0000172 seconds
2016-10-22T07:59:01.703+0530: 7.519: Total time for which application threads were stopped: 0.0000584 seconds, Stopping threads took: 0.0000154 seconds
2016-10-22T07:59:02.053+0530: 7.870: Total time for which application threads were stopped: 0.0004999 seconds, Stopping threads took: 0.0000158 seconds
2016-10-22T07:59:02.067+0530: 7.883: Total time for which application threads were stopped: 0.0000710 seconds, Stopping threads took: 0.0000155 seconds
2016-10-22T07:59:02.077+0530: 7.893: Total time for which application threads were stopped: 0.0003421 seconds, Stopping threads took: 0.0000152 seconds
2016-10-22T07:59:02.103+0530: 7.919: Total time for which application threads were stopped: 0.0001767 seconds, Stopping threads took: 0.0001101 seconds
2016-10-22T07:59:02.105+0530: 7.921: Total time for which application threads were stopped: 0.0000889 seconds, Stopping threads took: 0.0000373 seconds
2016-10-22T07:59:02.107+0530: 7.923: Total time for which application threads were stopped: 0.0001096 seconds, Stopping threads took: 0.0000534 seconds
2016-10-22T07:59:02.138+0530: 7.954: Total time for which application threads were stopped: 0.0033777 seconds, Stopping threads took: 0.0032886 seconds
2016-10-22T07:59:02.139+0530: 7.955: Total time for which application threads were stopped: 0.0001246 seconds, Stopping threads took: 0.0000524 seconds
2016-10-22T07:59:02.139+0530: 7.955: Total time for which application threads were stopped: 0.0000766 seconds, Stopping threads took: 0.0000146 seconds
2016-10-22T07:59:02.139+0530: 7.956: Total time for which application threads were stopped: 0.0001299 seconds, Stopping threads took: 0.0000615 seconds
2016-10-22T07:59:02.347+0530: 8.164: Total time for which application threads were stopped: 0.0000954 seconds, Stopping threads took: 0.0000204 seconds
{Heap before GC invocations=3 (full 1):
 par new generation   total 109248K, used 98876K [0x00000000e0000000, 0x00000000e8000000, 0x00000000e8000000)
  eden space 87424K, 100% used [0x00000000e0000000, 0x00000000e5560000, 0x00000000e5560000)
  from space 21824K,  52% used [0x00000000e6ab0000, 0x00000000e75df200, 0x00000000e8000000)
  to   space 21824K,   0% used [0x00000000e5560000, 0x00000000e5560000, 0x00000000e6ab0000)
 concurrent mark-sweep generation total 393216K, used 0K [0x00000000e8000000, 0x0000000100000000, 0x0000000100000000)
 Metaspace       used 26106K, capacity 26476K, committed 26748K, reserved 1073152K
  class space    used 3045K, capacity 3183K, committed 3196K, reserved 1048576K
2016-10-22T07:59:02.452+0530: 8.268: [GC (Allocation Failure) 2016-10-22T07:59:02.452+0530: 8.268: [ParNew
Desired survivor size 20112992 bytes, new threshold 8 (max 8)
- age   1:    5091240 bytes,    5091240 total
- age   2:     148464 bytes,    5239704 total
- age   3:    1649024 bytes,    6888728 total
- age   4:    5384888 bytes,   12273616 total
: 98876K->13752K(109248K), 0.0137754 secs] 98876K->13752K(502464K), 0.0138893 secs] [Times: user=0.04 sys=0.00, real=0.01 secs] 
Heap after GC invocations=4 (full 1):
 par new generation   total 109248K, used 13752K [0x00000000e0000000, 0x00000000e8000000, 0x00000000e8000000)
  eden space 87424K,   0% used [0x00000000e0000000, 0x00000000e0000000, 0x00000000e5560000)
  from space 21824K,  63% used [0x00000000e5560000, 0x00000000e62ce000, 0x00000000e6ab0000)
  to   space 21824K,   0% used [0x00000000e6ab0000, 0x00000000e6ab0000, 0x00000000e8000000)
 concurrent mark-sweep generation total 393216K, used 0K [0x00000000e8000000, 0x0000000100000000, 0x0000000100000000)
 Metaspace       used 26106K, capacity 26476K, committed 26748K, reserved 1073152K
  class space    used 3045K, capacity 3183K, committed 3196K, reserved 1048576K
}
2016-10-22T07:59:02.465+0530: 8.282: Total time for which application threads were stopped: 0.0141452 seconds, Stopping threads took: 0.0000675 seconds
2016-10-22T07:59:02.477+0530: 8.293: Total time for which application threads were stopped: 0.0000774 seconds, Stopping threads took: 0.0000240 seconds
2016-10-22T07:59:02.480+0530: 8.296: Total time for which application threads were stopped: 0.0000774 seconds, Stopping threads took: 0.0000214 seconds
2016-10-22T07:59:02.490+0530: 8.306: Total time for which application threads were stopped: 0.0001352 seconds, Stopping threads took: 0.0000770 seconds
2016-10-22T07:59:02.493+0530: 8.309: Total time for which application threads were stopped: 0.0000811 seconds, Stopping threads took: 0.0000266 seconds
2016-10-22T07:59:02.496+0530: 8.312: Total time for which application threads were stopped: 0.0000793 seconds, Stopping threads took: 0.0000226 seconds
2016-10-22T07:59:02.512+0530: 8.328: Total time for which application threads were stopped: 0.0001166 seconds, Stopping threads took: 0.0000582 seconds
2016-10-22T07:59:02.512+0530: 8.328: Total time for which application threads were stopped: 0.0000503 seconds, Stopping threads took: 0.0000196 seconds
2016-10-22T07:59:02.542+0530: 8.358: Total time for which application threads were stopped: 0.0001538 seconds, Stopping threads took: 0.0000272 seconds
2016-10-22T07:59:02.743+0530: 8.559: Total time for which application threads were stopped: 0.0004326 seconds, Stopping threads took: 0.0000357 seconds
2016-10-22T07:59:02.956+0530: 8.772: Total time for which application threads were stopped: 0.0001694 seconds, Stopping threads took: 0.0000508 seconds
2016-10-22T07:59:02.962+0530: 8.778: Total time for which application threads were stopped: 0.0041039 seconds, Stopping threads took: 0.0000200 seconds
2016-10-22T07:59:02.962+0530: 8.778: Total time for which application threads were stopped: 0.0000831 seconds, Stopping threads took: 0.0000161 seconds
2016-10-22T07:59:02.962+0530: 8.778: Total time for which application threads were stopped: 0.0000765 seconds, Stopping threads took: 0.0000109 seconds
2016-10-22T07:59:02.998+0530: 8.814: Total time for which application threads were stopped: 0.0001031 seconds, Stopping threads took: 0.0000209 seconds
2016-10-22T07:59:02.998+0530: 8.815: Total time for which application threads were stopped: 0.0000538 seconds, Stopping threads took: 0.0000133 seconds
2016-10-22T07:59:03.703+0530: 9.519: Total time for which application threads were stopped: 0.0000766 seconds, Stopping threads took: 0.0000174 seconds
2016-10-22T08:01:38.724+0530: 164.540: Total time for which application threads were stopped: 0.0001820 seconds, Stopping threads took: 0.0000686 seconds
2016-10-22T08:01:43.725+0530: 169.541: Total time for which application threads were stopped: 0.0001669 seconds, Stopping threads took: 0.0000376 seconds
2016-10-22T08:02:01.727+0530: 187.544: Total time for which application threads were stopped: 0.0001117 seconds, Stopping threads took: 0.0000425 seconds
2016-10-22T08:03:31.739+0530: 277.556: Total time for which application threads were stopped: 0.0001108 seconds, Stopping threads took: 0.0000384 seconds
2016-10-22T08:22:41.888+0530: 1427.704: Total time for which application threads were stopped: 0.0001477 seconds, Stopping threads took: 0.0000570 seconds
2016-10-22T08:26:31.921+0530: 1657.737: Total time for which application threads were stopped: 0.0002460 seconds, Stopping threads took: 0.0000658 seconds
2016-10-22T08:27:56.931+0530: 1742.748: Total time for which application threads were stopped: 0.0002010 seconds, Stopping threads took: 0.0000723 seconds
2016-10-22T08:34:41.976+0530: 2147.792: Total time for which application threads were stopped: 0.0001544 seconds, Stopping threads took: 0.0000586 seconds
2016-10-22T08:37:33.993+0530: 2319.809: Total time for which application threads were stopped: 0.0001031 seconds, Stopping threads took: 0.0000335 seconds
2016-10-22T08:37:38.993+0530: 2324.810: Total time for which application threads were stopped: 0.0001610 seconds, Stopping threads took: 0.0000364 seconds
2016-10-22T08:38:06.996+0530: 2352.813: Total time for which application threads were stopped: 0.0001354 seconds, Stopping threads took: 0.0000525 seconds
2016-10-22T08:55:29.125+0530: 3394.942: Total time for which application threads were stopped: 0.0001667 seconds, Stopping threads took: 0.0000571 seconds
2016-10-22T09:03:02.190+0530: 3848.006: Total time for which application threads were stopped: 0.0001829 seconds, Stopping threads took: 0.0000555 seconds
2016-10-22T09:04:42.203+0530: 3948.019: Total time for which application threads were stopped: 0.0001086 seconds, Stopping threads took: 0.0000384 seconds
2016-10-22T09:05:58.214+0530: 4024.030: Total time for which application threads were stopped: 0.0001097 seconds, Stopping threads took: 0.0000395 seconds
2016-10-22T09:42:19.518+0530: 6205.334: Total time for which application threads were stopped: 0.0001806 seconds, Stopping threads took: 0.0000633 seconds
2016-10-22T09:42:29.519+0530: 6215.336: Total time for which application threads were stopped: 0.0001266 seconds, Stopping threads took: 0.0000273 seconds
2016-10-22T09:54:39.623+0530: 6945.440: Total time for which application threads were stopped: 0.0001832 seconds, Stopping threads took: 0.0000638 seconds
2016-10-22T09:58:54.660+0530: 7200.477: Total time for which application threads were stopped: 0.0001848 seconds, Stopping threads took: 0.0000663 seconds
2016-10-22T10:03:57.704+0530: 7503.520: Total time for which application threads were stopped: 0.0001497 seconds, Stopping threads took: 0.0000495 seconds
2016-10-22T10:04:27.707+0530: 7533.524: Total time for which application threads were stopped: 0.0001127 seconds, Stopping threads took: 0.0000380 seconds
2016-10-22T10:06:57.729+0530: 7683.545: Total time for which application threads were stopped: 0.0001921 seconds, Stopping threads took: 0.0000636 seconds
2016-10-22T11:11:28.263+0530: 11554.080: Total time for which application threads were stopped: 0.0002031 seconds, Stopping threads took: 0.0000704 seconds
2016-10-22T12:14:57.810+0530: 15363.626: Total time for which application threads were stopped: 0.0001863 seconds, Stopping threads took: 0.0000664 seconds
2016-10-22T12:33:59.229+0530: 16505.045: Total time for which application threads were stopped: 0.0001624 seconds, Stopping threads took: 0.0000654 seconds
2016-10-23T08:36:59.248+0530: 88685.065: Total time for which application threads were stopped: 0.0001087 seconds, Stopping threads took: 0.0000451 seconds
2016-10-23T08:36:59.249+0530: 88685.065: Total time for which application threads were stopped: 0.0000531 seconds, Stopping threads took: 0.0000287 seconds
2016-10-23T08:36:59.249+0530: 88685.065: Total time for which application threads were stopped: 0.0000422 seconds, Stopping threads took: 0.0000181 seconds
2016-10-23T08:36:59.249+0530: 88685.065: Total time for which application threads were stopped: 0.0000690 seconds, Stopping threads took: 0.0000429 seconds
2016-10-23T08:36:59.249+0530: 88685.065: Total time for which application threads were stopped: 0.0000491 seconds, Stopping threads took: 0.0000232 seconds
2016-10-23T08:36:59.249+0530: 88685.065: Total time for which application threads were stopped: 0.0000648 seconds, Stopping threads took: 0.0000396 seconds
2016-10-23T08:36:59.250+0530: 88685.066: Total time for which application threads were stopped: 0.0000423 seconds, Stopping threads took: 0.0000109 seconds
2016-10-23T08:36:59.250+0530: 88685.066: Total time for which application threads were stopped: 0.0000354 seconds, Stopping threads took: 0.0000091 seconds
2016-10-23T08:36:59.250+0530: 88685.066: Total time for which application threads were stopped: 0.0001149 seconds, Stopping threads took: 0.0000066 seconds
2016-10-23T08:36:59.275+0530: 88685.092: Total time for which application threads were stopped: 0.0000431 seconds, Stopping threads took: 0.0000081 seconds
2016-10-23T08:36:59.276+0530: 88685.092: Total time for which application threads were stopped: 0.0000449 seconds, Stopping threads took: 0.0000070 seconds
2016-10-23T08:36:59.276+0530: 88685.093: Total time for which application threads were stopped: 0.0000720 seconds, Stopping threads took: 0.0000120 seconds
2016-10-23T08:36:59.278+0530: 88685.094: Total time for which application threads were stopped: 0.0000825 seconds, Stopping threads took: 0.0000133 seconds
2016-10-23T08:36:59.286+0530: 88685.102: Total time for which application threads were stopped: 0.0055966 seconds, Stopping threads took: 0.0055408 seconds
2016-10-23T08:36:59.287+0530: 88685.104: Total time for which application threads were stopped: 0.0000744 seconds, Stopping threads took: 0.0000255 seconds
2016-10-23T08:36:59.288+0530: 88685.104: Total time for which application threads were stopped: 0.0000735 seconds, Stopping threads took: 0.0000263 seconds
2016-10-23T08:36:59.289+0530: 88685.105: Total time for which application threads were stopped: 0.0000458 seconds, Stopping threads took: 0.0000113 seconds
2016-10-23T08:36:59.290+0530: 88685.106: Total time for which application threads were stopped: 0.0000423 seconds, Stopping threads took: 0.0000072 seconds
2016-10-23T08:36:59.290+0530: 88685.107: Total time for which application threads were stopped: 0.0000375 seconds, Stopping threads took: 0.0000064 seconds
2016-10-23T08:36:59.290+0530: 88685.107: Total time for which application threads were stopped: 0.0000329 seconds, Stopping threads took: 0.0000080 seconds
2016-10-23T08:36:59.290+0530: 88685.107: Total time for which application threads were stopped: 0.0000336 seconds, Stopping threads took: 0.0000083 seconds
2016-10-23T08:36:59.291+0530: 88685.107: Total time for which application threads were stopped: 0.0000323 seconds, Stopping threads took: 0.0000079 seconds
2016-10-23T08:36:59.291+0530: 88685.107: Total time for which application threads were stopped: 0.0000303 seconds, Stopping threads took: 0.0000071 seconds
2016-10-23T08:36:59.291+0530: 88685.107: Total time for which application threads were stopped: 0.0000291 seconds, Stopping threads took: 0.0000067 seconds
2016-10-23T08:36:59.291+0530: 88685.107: Total time for which application threads were stopped: 0.0000282 seconds, Stopping threads took: 0.0000066 seconds
2016-10-23T08:36:59.291+0530: 88685.107: Total time for which application threads were stopped: 0.0000303 seconds, Stopping threads took: 0.0000072 seconds
2016-10-23T08:36:59.291+0530: 88685.107: Total time for which application threads were stopped: 0.0000272 seconds, Stopping threads took: 0.0000060 seconds
2016-10-23T08:36:59.291+0530: 88685.107: Total time for which application threads were stopped: 0.0000275 seconds, Stopping threads took: 0.0000060 seconds
2016-10-23T08:36:59.291+0530: 88685.107: Total time for which application threads were stopped: 0.0000308 seconds, Stopping threads took: 0.0000067 seconds
2016-10-23T08:36:59.291+0530: 88685.108: Total time for which application threads were stopped: 0.0000357 seconds, Stopping threads took: 0.0000071 seconds
2016-10-23T08:36:59.292+0530: 88685.108: Total time for which application threads were stopped: 0.0000372 seconds, Stopping threads took: 0.0000081 seconds
2016-10-23T08:36:59.303+0530: 88685.119: Total time for which application threads were stopped: 0.0001013 seconds, Stopping threads took: 0.0000201 seconds
2016-10-23T08:36:59.303+0530: 88685.119: Total time for which application threads were stopped: 0.0000718 seconds, Stopping threads took: 0.0000200 seconds
2016-10-23T08:36:59.304+0530: 88685.120: Total time for which application threads were stopped: 0.0000789 seconds, Stopping threads took: 0.0000227 seconds
2016-10-23T08:36:59.304+0530: 88685.120: Total time for which application threads were stopped: 0.0000620 seconds, Stopping threads took: 0.0000174 seconds
2016-10-23T08:36:59.304+0530: 88685.121: Total time for which application threads were stopped: 0.0000580 seconds, Stopping threads took: 0.0000171 seconds
2016-10-23T08:36:59.304+0530: 88685.121: Total time for which application threads were stopped: 0.0000581 seconds, Stopping threads took: 0.0000174 seconds
2016-10-23T08:36:59.305+0530: 88685.122: Total time for which application threads were stopped: 0.0000701 seconds, Stopping threads took: 0.0000259 seconds
2016-10-23T08:36:59.307+0530: 88685.123: Total time for which application threads were stopped: 0.0007444 seconds, Stopping threads took: 0.0007085 seconds
2016-10-23T08:36:59.307+0530: 88685.124: Total time for which application threads were stopped: 0.0000390 seconds, Stopping threads took: 0.0000109 seconds
2016-10-23T08:36:59.307+0530: 88685.124: Total time for which application threads were stopped: 0.0000305 seconds, Stopping threads took: 0.0000059 seconds
2016-10-23T08:36:59.307+0530: 88685.124: Total time for which application threads were stopped: 0.0000284 seconds, Stopping threads took: 0.0000054 seconds
2016-10-23T08:36:59.307+0530: 88685.124: Total time for which application threads were stopped: 0.0000290 seconds, Stopping threads took: 0.0000070 seconds
2016-10-23T08:36:59.308+0530: 88685.124: Total time for which application threads were stopped: 0.0000354 seconds, Stopping threads took: 0.0000083 seconds
2016-10-23T08:36:59.308+0530: 88685.124: Total time for which application threads were stopped: 0.0000285 seconds, Stopping threads took: 0.0000069 seconds
2016-10-23T08:36:59.308+0530: 88685.124: Total time for which application threads were stopped: 0.0000277 seconds, Stopping threads took: 0.0000066 seconds
2016-10-23T08:36:59.308+0530: 88685.124: Total time for which application threads were stopped: 0.0000261 seconds, Stopping threads took: 0.0000060 seconds
2016-10-23T08:36:59.308+0530: 88685.124: Total time for which application threads were stopped: 0.0000256 seconds, Stopping threads took: 0.0000058 seconds
2016-10-23T08:36:59.308+0530: 88685.124: Total time for which application threads were stopped: 0.0000256 seconds, Stopping threads took: 0.0000059 seconds
2016-10-23T08:36:59.308+0530: 88685.124: Total time for which application threads were stopped: 0.0000258 seconds, Stopping threads took: 0.0000058 seconds
2016-10-23T08:36:59.308+0530: 88685.124: Total time for which application threads were stopped: 0.0000254 seconds, Stopping threads took: 0.0000058 seconds
2016-10-23T08:36:59.308+0530: 88685.124: Total time for which application threads were stopped: 0.0000257 seconds, Stopping threads took: 0.0000058 seconds
2016-10-23T08:36:59.308+0530: 88685.124: Total time for which application threads were stopped: 0.0000254 seconds, Stopping threads took: 0.0000058 seconds
2016-10-23T08:36:59.308+0530: 88685.125: Total time for which application threads were stopped: 0.0000255 seconds, Stopping threads took: 0.0000058 seconds
2016-10-23T08:36:59.308+0530: 88685.125: Total time for which application threads were stopped: 0.0000257 seconds, Stopping threads took: 0.0000058 seconds
2016-10-23T08:36:59.308+0530: 88685.125: Total time for which application threads were stopped: 0.0000255 seconds, Stopping threads took: 0.0000057 seconds
2016-10-23T08:36:59.308+0530: 88685.125: Total time for which application threads were stopped: 0.0000872 seconds, Stopping threads took: 0.0000057 seconds
2016-10-23T08:36:59.308+0530: 88685.125: Total time for which application threads were stopped: 0.0000298 seconds, Stopping threads took: 0.0000071 seconds
2016-10-23T08:36:59.310+0530: 88685.126: Total time for which application threads were stopped: 0.0000617 seconds, Stopping threads took: 0.0000104 seconds
2016-10-23T08:36:59.310+0530: 88685.126: Total time for which application threads were stopped: 0.0000692 seconds, Stopping threads took: 0.0000219 seconds
2016-10-23T08:36:59.310+0530: 88685.127: Total time for which application threads were stopped: 0.0000448 seconds, Stopping threads took: 0.0000160 seconds
2016-10-23T08:36:59.310+0530: 88685.127: Total time for which application threads were stopped: 0.0000302 seconds, Stopping threads took: 0.0000086 seconds
2016-10-23T08:36:59.312+0530: 88685.129: Total time for which application threads were stopped: 0.0000624 seconds, Stopping threads took: 0.0000133 seconds
2016-10-23T08:36:59.313+0530: 88685.129: Total time for which application threads were stopped: 0.0000296 seconds, Stopping threads took: 0.0000075 seconds
Heap
 par new generation   total 109248K, used 63951K [0x00000000e0000000, 0x00000000e8000000, 0x00000000e8000000)
  eden space 87424K,  57% used [0x00000000e0000000, 0x00000000e3105f30, 0x00000000e5560000)
  from space 21824K,  63% used [0x00000000e5560000, 0x00000000e62ce000, 0x00000000e6ab0000)
  to   space 21824K,   0% used [0x00000000e6ab0000, 0x00000000e6ab0000, 0x00000000e8000000)
 concurrent mark-sweep generation total 393216K, used 0K [0x00000000e8000000, 0x0000000100000000, 0x0000000100000000)
 Metaspace       used 28573K, capacity 28952K, committed 29308K, reserved 1075200K
  class space    used 3301K, capacity 3447K, committed 3452K, reserved 1048576K
