OpenJDK 64-Bit Server VM (25.91-b14) for linux-amd64 JRE (1.8.0_91-8u91-b14-3ubuntu1~16.04.1-b14), built on Jul 21 2016 04:13:34 by "buildd" with gcc 5.3.1 20160413
Memory: 4k page, physical 8068976k(4734732k free), swap 0k(0k free)
CommandLine flags: -XX:CMSInitiatingOccupancyFraction=50 -XX:CMSMaxAbortablePrecleanTime=6000 -XX:+CMSParallelRemarkEnabled -XX:+CMSScavengeBeforeRemark -XX:ConcGCThreads=4 -XX:InitialHeapSize=536870912 -XX:MaxHeapSize=536870912 -XX:MaxTenuringThreshold=8 -XX:NewRatio=3 -XX:OldPLABSize=16 -XX:OnOutOfMemoryError=/home/ram/solr-6.2.1/bin/oom_solr.sh 8983 /home/ram/solr-6.2.1/server/logs -XX:ParallelGCThreads=4 -XX:+ParallelRefProcEnabled -XX:PretenureSizeThreshold=67108864 -XX:+PrintGC -XX:+PrintGCApplicationStoppedTime -XX:+PrintGCDateStamps -XX:+PrintGCDetails -XX:+PrintGCTimeStamps -XX:+PrintHeapAtGC -XX:+PrintTenuringDistribution -XX:SurvivorRatio=4 -XX:TargetSurvivorRatio=90 -XX:ThreadStackSize=256 -XX:+UseCMSInitiatingOccupancyOnly -XX:+UseCompressedClassPointers -XX:+UseCompressedOops -XX:+UseConcMarkSweepGC -XX:+UseParNewGC 
2016-10-12T22:00:19.640+0530: 0.098: Total time for which application threads were stopped: 0.0000717 seconds, Stopping threads took: 0.0000131 seconds
2016-10-12T22:00:19.707+0530: 0.165: Total time for which application threads were stopped: 0.0001692 seconds, Stopping threads took: 0.0000458 seconds
2016-10-12T22:00:19.721+0530: 0.179: Total time for which application threads were stopped: 0.0000862 seconds, Stopping threads took: 0.0000118 seconds
2016-10-12T22:00:19.822+0530: 0.280: Total time for which application threads were stopped: 0.0001386 seconds, Stopping threads took: 0.0000153 seconds
2016-10-12T22:00:19.984+0530: 0.442: Total time for which application threads were stopped: 0.0001492 seconds, Stopping threads took: 0.0000149 seconds
2016-10-12T22:00:20.032+0530: 0.490: Total time for which application threads were stopped: 0.0001684 seconds, Stopping threads took: 0.0000227 seconds
2016-10-12T22:00:20.049+0530: 0.507: Total time for which application threads were stopped: 0.0002016 seconds, Stopping threads took: 0.0000201 seconds
2016-10-12T22:00:20.216+0530: 0.674: Total time for which application threads were stopped: 0.0001797 seconds, Stopping threads took: 0.0000158 seconds
2016-10-12T22:00:20.347+0530: 0.805: Total time for which application threads were stopped: 0.0002219 seconds, Stopping threads took: 0.0000153 seconds
2016-10-12T22:00:20.412+0530: 0.870: Total time for which application threads were stopped: 0.0002048 seconds, Stopping threads took: 0.0000208 seconds
2016-10-12T22:00:20.413+0530: 0.871: Total time for which application threads were stopped: 0.0001648 seconds, Stopping threads took: 0.0000177 seconds
2016-10-12T22:00:20.421+0530: 0.879: Total time for which application threads were stopped: 0.0002116 seconds, Stopping threads took: 0.0000166 seconds
2016-10-12T22:00:20.490+0530: 0.948: Total time for which application threads were stopped: 0.0002186 seconds, Stopping threads took: 0.0000200 seconds
2016-10-12T22:00:21.490+0530: 1.948: Total time for which application threads were stopped: 0.0000996 seconds, Stopping threads took: 0.0000227 seconds
2016-10-12T22:00:23.596+0530: 4.054: Total time for which application threads were stopped: 0.0002486 seconds, Stopping threads took: 0.0000243 seconds
2016-10-12T22:00:25.596+0530: 6.054: Total time for which application threads were stopped: 0.0000789 seconds, Stopping threads took: 0.0000211 seconds
2016-10-12T22:00:30.597+0530: 11.055: Total time for which application threads were stopped: 0.0000641 seconds, Stopping threads took: 0.0000152 seconds
2016-10-12T22:00:35.597+0530: 16.055: Total time for which application threads were stopped: 0.0000859 seconds, Stopping threads took: 0.0000213 seconds
2016-10-12T22:00:36.797+0530: 17.255: Total time for which application threads were stopped: 0.0001233 seconds, Stopping threads took: 0.0000400 seconds
2016-10-12T22:00:36.810+0530: 17.268: Total time for which application threads were stopped: 0.0001047 seconds, Stopping threads took: 0.0000442 seconds
2016-10-12T22:00:36.810+0530: 17.268: Total time for which application threads were stopped: 0.0000800 seconds, Stopping threads took: 0.0000338 seconds
2016-10-12T22:00:36.811+0530: 17.269: Total time for which application threads were stopped: 0.0004364 seconds, Stopping threads took: 0.0003750 seconds
2016-10-12T22:00:36.811+0530: 17.269: Total time for which application threads were stopped: 0.0001158 seconds, Stopping threads took: 0.0000445 seconds
2016-10-12T22:00:36.816+0530: 17.274: Total time for which application threads were stopped: 0.0001311 seconds, Stopping threads took: 0.0000463 seconds
2016-10-12T22:00:36.817+0530: 17.275: Total time for which application threads were stopped: 0.0001194 seconds, Stopping threads took: 0.0000320 seconds
2016-10-12T22:00:36.821+0530: 17.279: Total time for which application threads were stopped: 0.0001244 seconds, Stopping threads took: 0.0000333 seconds
2016-10-12T22:00:36.822+0530: 17.280: Total time for which application threads were stopped: 0.0000730 seconds, Stopping threads took: 0.0000124 seconds
2016-10-12T22:00:36.822+0530: 17.280: Total time for which application threads were stopped: 0.0000678 seconds, Stopping threads took: 0.0000201 seconds
2016-10-12T22:00:36.822+0530: 17.280: Total time for which application threads were stopped: 0.0000661 seconds, Stopping threads took: 0.0000206 seconds
2016-10-12T22:00:36.823+0530: 17.281: Total time for which application threads were stopped: 0.0000805 seconds, Stopping threads took: 0.0000233 seconds
2016-10-12T22:00:36.824+0530: 17.282: Total time for which application threads were stopped: 0.0000684 seconds, Stopping threads took: 0.0000119 seconds
2016-10-12T22:00:36.824+0530: 17.282: Total time for which application threads were stopped: 0.0000653 seconds, Stopping threads took: 0.0000111 seconds
2016-10-12T22:00:36.827+0530: 17.285: Total time for which application threads were stopped: 0.0001011 seconds, Stopping threads took: 0.0000174 seconds
2016-10-12T22:00:36.831+0530: 17.289: Total time for which application threads were stopped: 0.0002373 seconds, Stopping threads took: 0.0000571 seconds
2016-10-12T22:00:36.832+0530: 17.290: Total time for which application threads were stopped: 0.0002493 seconds, Stopping threads took: 0.0000158 seconds
2016-10-12T22:00:36.838+0530: 17.296: Total time for which application threads were stopped: 0.0001221 seconds, Stopping threads took: 0.0000333 seconds
2016-10-12T22:00:36.845+0530: 17.303: Total time for which application threads were stopped: 0.0001381 seconds, Stopping threads took: 0.0000413 seconds
2016-10-12T22:00:36.845+0530: 17.303: Total time for which application threads were stopped: 0.0000651 seconds, Stopping threads took: 0.0000106 seconds
2016-10-12T22:00:36.848+0530: 17.307: Total time for which application threads were stopped: 0.0001270 seconds, Stopping threads took: 0.0000577 seconds
2016-10-12T22:00:36.849+0530: 17.307: Total time for which application threads were stopped: 0.0001869 seconds, Stopping threads took: 0.0000380 seconds
2016-10-12T22:00:36.851+0530: 17.309: Total time for which application threads were stopped: 0.0001095 seconds, Stopping threads took: 0.0000369 seconds
2016-10-12T22:00:36.879+0530: 17.337: Total time for which application threads were stopped: 0.0001215 seconds, Stopping threads took: 0.0000238 seconds
2016-10-12T22:00:36.884+0530: 17.342: Total time for which application threads were stopped: 0.0003763 seconds, Stopping threads took: 0.0000505 seconds
{Heap before GC invocations=0 (full 0):
 par new generation   total 109248K, used 87424K [0x00000000e0000000, 0x00000000e8000000, 0x00000000e8000000)
  eden space 87424K, 100% used [0x00000000e0000000, 0x00000000e5560000, 0x00000000e5560000)
  from space 21824K,   0% used [0x00000000e5560000, 0x00000000e5560000, 0x00000000e6ab0000)
  to   space 21824K,   0% used [0x00000000e6ab0000, 0x00000000e6ab0000, 0x00000000e8000000)
 concurrent mark-sweep generation total 393216K, used 0K [0x00000000e8000000, 0x0000000100000000, 0x0000000100000000)
 Metaspace       used 18068K, capacity 18372K, committed 18688K, reserved 1064960K
  class space    used 2103K, capacity 2229K, committed 2304K, reserved 1048576K
2016-10-12T22:00:36.885+0530: 17.343: [GC (Allocation Failure) 2016-10-12T22:00:36.885+0530: 17.343: [ParNew
Desired survivor size 20112992 bytes, new threshold 8 (max 8)
- age   1:   11799256 bytes,   11799256 total
: 87424K->11634K(109248K), 0.0138611 secs] 87424K->11634K(502464K), 0.0139310 secs] [Times: user=0.04 sys=0.01, real=0.01 secs] 
Heap after GC invocations=1 (full 0):
 par new generation   total 109248K, used 11634K [0x00000000e0000000, 0x00000000e8000000, 0x00000000e8000000)
  eden space 87424K,   0% used [0x00000000e0000000, 0x00000000e0000000, 0x00000000e5560000)
  from space 21824K,  53% used [0x00000000e6ab0000, 0x00000000e760c808, 0x00000000e8000000)
  to   space 21824K,   0% used [0x00000000e5560000, 0x00000000e5560000, 0x00000000e6ab0000)
 concurrent mark-sweep generation total 393216K, used 0K [0x00000000e8000000, 0x0000000100000000, 0x0000000100000000)
 Metaspace       used 18068K, capacity 18372K, committed 18688K, reserved 1064960K
  class space    used 2103K, capacity 2229K, committed 2304K, reserved 1048576K
}
2016-10-12T22:00:36.899+0530: 17.357: Total time for which application threads were stopped: 0.0141692 seconds, Stopping threads took: 0.0000298 seconds
2016-10-12T22:00:36.927+0530: 17.385: Total time for which application threads were stopped: 0.0000960 seconds, Stopping threads took: 0.0000226 seconds
2016-10-12T22:00:36.929+0530: 17.387: Total time for which application threads were stopped: 0.0001031 seconds, Stopping threads took: 0.0000377 seconds
2016-10-12T22:00:36.930+0530: 17.388: Total time for which application threads were stopped: 0.0003900 seconds, Stopping threads took: 0.0003169 seconds
2016-10-12T22:00:36.931+0530: 17.389: Total time for which application threads were stopped: 0.0003981 seconds, Stopping threads took: 0.0003503 seconds
2016-10-12T22:00:36.931+0530: 17.389: Total time for which application threads were stopped: 0.0000750 seconds, Stopping threads took: 0.0000289 seconds
2016-10-12T22:00:36.931+0530: 17.389: Total time for which application threads were stopped: 0.0000584 seconds, Stopping threads took: 0.0000110 seconds
2016-10-12T22:00:36.932+0530: 17.390: Total time for which application threads were stopped: 0.0000921 seconds, Stopping threads took: 0.0000370 seconds
2016-10-12T22:00:36.937+0530: 17.395: Total time for which application threads were stopped: 0.0000844 seconds, Stopping threads took: 0.0000180 seconds
2016-10-12T22:00:36.951+0530: 17.409: Total time for which application threads were stopped: 0.0000773 seconds, Stopping threads took: 0.0000196 seconds
2016-10-12T22:00:36.956+0530: 17.414: Total time for which application threads were stopped: 0.0000976 seconds, Stopping threads took: 0.0000341 seconds
2016-10-12T22:00:36.957+0530: 17.415: Total time for which application threads were stopped: 0.0000831 seconds, Stopping threads took: 0.0000150 seconds
2016-10-12T22:00:36.958+0530: 17.416: Total time for which application threads were stopped: 0.0000907 seconds, Stopping threads took: 0.0000339 seconds
2016-10-12T22:00:36.959+0530: 17.417: Total time for which application threads were stopped: 0.0001082 seconds, Stopping threads took: 0.0000423 seconds
2016-10-12T22:00:36.959+0530: 17.417: Total time for which application threads were stopped: 0.0000624 seconds, Stopping threads took: 0.0000179 seconds
2016-10-12T22:00:36.960+0530: 17.418: Total time for which application threads were stopped: 0.0001380 seconds, Stopping threads took: 0.0000391 seconds
2016-10-12T22:00:36.963+0530: 17.421: Total time for which application threads were stopped: 0.0011340 seconds, Stopping threads took: 0.0010443 seconds
2016-10-12T22:00:36.968+0530: 17.426: Total time for which application threads were stopped: 0.0017176 seconds, Stopping threads took: 0.0016596 seconds
2016-10-12T22:00:36.970+0530: 17.428: Total time for which application threads were stopped: 0.0007388 seconds, Stopping threads took: 0.0006781 seconds
2016-10-12T22:00:36.971+0530: 17.429: Total time for which application threads were stopped: 0.0001239 seconds, Stopping threads took: 0.0000517 seconds
2016-10-12T22:00:36.973+0530: 17.431: Total time for which application threads were stopped: 0.0001391 seconds, Stopping threads took: 0.0000625 seconds
2016-10-12T22:00:36.974+0530: 17.432: Total time for which application threads were stopped: 0.0002620 seconds, Stopping threads took: 0.0000354 seconds
2016-10-12T22:00:36.979+0530: 17.437: Total time for which application threads were stopped: 0.0001417 seconds, Stopping threads took: 0.0000406 seconds
2016-10-12T22:00:36.981+0530: 17.439: Total time for which application threads were stopped: 0.0001940 seconds, Stopping threads took: 0.0000677 seconds
2016-10-12T22:00:36.988+0530: 17.446: Total time for which application threads were stopped: 0.0034534 seconds, Stopping threads took: 0.0033681 seconds
2016-10-12T22:00:36.992+0530: 17.450: Total time for which application threads were stopped: 0.0035013 seconds, Stopping threads took: 0.0034176 seconds
2016-10-12T22:00:36.994+0530: 17.452: Total time for which application threads were stopped: 0.0005803 seconds, Stopping threads took: 0.0004686 seconds
2016-10-12T22:00:36.994+0530: 17.452: Total time for which application threads were stopped: 0.0000705 seconds, Stopping threads took: 0.0000297 seconds
2016-10-12T22:00:37.001+0530: 17.459: Total time for which application threads were stopped: 0.0004085 seconds, Stopping threads took: 0.0002870 seconds
2016-10-12T22:00:37.002+0530: 17.460: Total time for which application threads were stopped: 0.0000479 seconds, Stopping threads took: 0.0000089 seconds
2016-10-12T22:00:37.006+0530: 17.464: Total time for which application threads were stopped: 0.0003063 seconds, Stopping threads took: 0.0002441 seconds
2016-10-12T22:00:37.007+0530: 17.465: Total time for which application threads were stopped: 0.0001545 seconds, Stopping threads took: 0.0000222 seconds
2016-10-12T22:00:37.024+0530: 17.482: Total time for which application threads were stopped: 0.0021766 seconds, Stopping threads took: 0.0020485 seconds
2016-10-12T22:00:37.068+0530: 17.526: Total time for which application threads were stopped: 0.0081244 seconds, Stopping threads took: 0.0080113 seconds
2016-10-12T22:00:37.074+0530: 17.532: Total time for which application threads were stopped: 0.0014349 seconds, Stopping threads took: 0.0013336 seconds
2016-10-12T22:00:37.074+0530: 17.532: Total time for which application threads were stopped: 0.0001813 seconds, Stopping threads took: 0.0001002 seconds
2016-10-12T22:00:37.082+0530: 17.540: Total time for which application threads were stopped: 0.0000984 seconds, Stopping threads took: 0.0000254 seconds
2016-10-12T22:00:37.329+0530: 17.787: Total time for which application threads were stopped: 0.0001450 seconds, Stopping threads took: 0.0000441 seconds
2016-10-12T22:00:37.331+0530: 17.789: Total time for which application threads were stopped: 0.0011771 seconds, Stopping threads took: 0.0011074 seconds
2016-10-12T22:00:37.333+0530: 17.791: Total time for which application threads were stopped: 0.0001321 seconds, Stopping threads took: 0.0000499 seconds
2016-10-12T22:00:37.335+0530: 17.793: Total time for which application threads were stopped: 0.0004923 seconds, Stopping threads took: 0.0004323 seconds
2016-10-12T22:00:37.338+0530: 17.796: Total time for which application threads were stopped: 0.0005537 seconds, Stopping threads took: 0.0004740 seconds
2016-10-12T22:00:37.342+0530: 17.800: Total time for which application threads were stopped: 0.0009773 seconds, Stopping threads took: 0.0008974 seconds
2016-10-12T22:00:37.343+0530: 17.801: Total time for which application threads were stopped: 0.0000849 seconds, Stopping threads took: 0.0000211 seconds
2016-10-12T22:00:37.343+0530: 17.801: Total time for which application threads were stopped: 0.0000636 seconds, Stopping threads took: 0.0000229 seconds
2016-10-12T22:00:37.343+0530: 17.801: Total time for which application threads were stopped: 0.0000550 seconds, Stopping threads took: 0.0000178 seconds
2016-10-12T22:00:37.343+0530: 17.801: Total time for which application threads were stopped: 0.0000380 seconds, Stopping threads took: 0.0000059 seconds
2016-10-12T22:00:37.353+0530: 17.811: Total time for which application threads were stopped: 0.0001194 seconds, Stopping threads took: 0.0000437 seconds
2016-10-12T22:00:37.354+0530: 17.812: Total time for which application threads were stopped: 0.0001944 seconds, Stopping threads took: 0.0000467 seconds
2016-10-12T22:00:37.573+0530: 18.031: Total time for which application threads were stopped: 0.0002847 seconds, Stopping threads took: 0.0000243 seconds
2016-10-12T22:00:37.575+0530: 18.033: Total time for which application threads were stopped: 0.0000903 seconds, Stopping threads took: 0.0000400 seconds
2016-10-12T22:00:37.575+0530: 18.033: Total time for which application threads were stopped: 0.0000565 seconds, Stopping threads took: 0.0000259 seconds
2016-10-12T22:00:37.575+0530: 18.033: Total time for which application threads were stopped: 0.0000560 seconds, Stopping threads took: 0.0000268 seconds
2016-10-12T22:00:37.575+0530: 18.033: Total time for which application threads were stopped: 0.0000570 seconds, Stopping threads took: 0.0000280 seconds
2016-10-12T22:00:37.599+0530: 18.057: Total time for which application threads were stopped: 0.0001521 seconds, Stopping threads took: 0.0000550 seconds
2016-10-12T22:00:37.601+0530: 18.059: Total time for which application threads were stopped: 0.0001562 seconds, Stopping threads took: 0.0000598 seconds
2016-10-12T22:00:37.601+0530: 18.059: Total time for which application threads were stopped: 0.0001436 seconds, Stopping threads took: 0.0000627 seconds
2016-10-12T22:00:37.630+0530: 18.088: Total time for which application threads were stopped: 0.0000951 seconds, Stopping threads took: 0.0000201 seconds
2016-10-12T22:00:37.630+0530: 18.088: Total time for which application threads were stopped: 0.0000446 seconds, Stopping threads took: 0.0000080 seconds
2016-10-12T22:00:37.630+0530: 18.088: Total time for which application threads were stopped: 0.0000380 seconds, Stopping threads took: 0.0000065 seconds
2016-10-12T22:00:37.630+0530: 18.088: Total time for which application threads were stopped: 0.0000384 seconds, Stopping threads took: 0.0000060 seconds
2016-10-12T22:00:37.630+0530: 18.088: Total time for which application threads were stopped: 0.0000370 seconds, Stopping threads took: 0.0000063 seconds
2016-10-12T22:00:37.631+0530: 18.089: Total time for which application threads were stopped: 0.0000921 seconds, Stopping threads took: 0.0000281 seconds
2016-10-12T22:00:37.631+0530: 18.089: Total time for which application threads were stopped: 0.0000430 seconds, Stopping threads took: 0.0000075 seconds
2016-10-12T22:00:37.631+0530: 18.089: Total time for which application threads were stopped: 0.0000387 seconds, Stopping threads took: 0.0000065 seconds
2016-10-12T22:00:37.631+0530: 18.089: Total time for which application threads were stopped: 0.0000369 seconds, Stopping threads took: 0.0000064 seconds
2016-10-12T22:00:37.631+0530: 18.089: Total time for which application threads were stopped: 0.0001975 seconds, Stopping threads took: 0.0001649 seconds
2016-10-12T22:00:37.631+0530: 18.089: Total time for which application threads were stopped: 0.0000360 seconds, Stopping threads took: 0.0000097 seconds
2016-10-12T22:00:37.632+0530: 18.090: Total time for which application threads were stopped: 0.0000430 seconds, Stopping threads took: 0.0000185 seconds
2016-10-12T22:00:37.632+0530: 18.090: Total time for which application threads were stopped: 0.0000631 seconds, Stopping threads took: 0.0000201 seconds
2016-10-12T22:00:37.633+0530: 18.091: Total time for which application threads were stopped: 0.0001717 seconds, Stopping threads took: 0.0000502 seconds
2016-10-12T22:00:37.633+0530: 18.091: Total time for which application threads were stopped: 0.0000914 seconds, Stopping threads took: 0.0000209 seconds
2016-10-12T22:00:37.636+0530: 18.094: Total time for which application threads were stopped: 0.0000981 seconds, Stopping threads took: 0.0000311 seconds
2016-10-12T22:00:37.636+0530: 18.094: Total time for which application threads were stopped: 0.0000403 seconds, Stopping threads took: 0.0000087 seconds
2016-10-12T22:00:37.638+0530: 18.096: Total time for which application threads were stopped: 0.0000943 seconds, Stopping threads took: 0.0000344 seconds
2016-10-12T22:00:37.638+0530: 18.096: Total time for which application threads were stopped: 0.0000671 seconds, Stopping threads took: 0.0000289 seconds
2016-10-12T22:00:38.638+0530: 19.096: Total time for which application threads were stopped: 0.0000853 seconds, Stopping threads took: 0.0000208 seconds
2016-10-12T22:00:42.639+0530: 23.097: Total time for which application threads were stopped: 0.0000868 seconds, Stopping threads took: 0.0000216 seconds
2016-10-12T22:00:53.641+0530: 34.099: Total time for which application threads were stopped: 0.0001175 seconds, Stopping threads took: 0.0000399 seconds
2016-10-12T22:01:37.639+0530: 78.097: Total time for which application threads were stopped: 0.0000869 seconds, Stopping threads took: 0.0000232 seconds
2016-10-12T22:01:56.641+0530: 97.099: Total time for which application threads were stopped: 0.0000714 seconds, Stopping threads took: 0.0000189 seconds
2016-10-12T22:02:27.644+0530: 128.102: Total time for which application threads were stopped: 0.0000960 seconds, Stopping threads took: 0.0000368 seconds
2016-10-12T22:03:57.653+0530: 218.111: Total time for which application threads were stopped: 0.0001765 seconds, Stopping threads took: 0.0000795 seconds
2016-10-12T22:04:25.656+0530: 246.114: Total time for which application threads were stopped: 0.0000897 seconds, Stopping threads took: 0.0000327 seconds
2016-10-12T22:05:10.660+0530: 291.118: Total time for which application threads were stopped: 0.0001300 seconds, Stopping threads took: 0.0000489 seconds
2016-10-12T22:09:46.686+0530: 567.144: Total time for which application threads were stopped: 0.0000844 seconds, Stopping threads took: 0.0000288 seconds
2016-10-12T22:09:50.687+0530: 571.145: Total time for which application threads were stopped: 0.0001023 seconds, Stopping threads took: 0.0000435 seconds
2016-10-12T22:16:32.734+0530: 973.192: Total time for which application threads were stopped: 0.0001787 seconds, Stopping threads took: 0.0000682 seconds
2016-10-12T22:16:35.735+0530: 976.193: Total time for which application threads were stopped: 0.0001592 seconds, Stopping threads took: 0.0000580 seconds
2016-10-12T22:27:47.836+0530: 1648.294: Total time for which application threads were stopped: 0.0001783 seconds, Stopping threads took: 0.0000628 seconds
2016-10-12T22:34:55.900+0530: 2076.358: Total time for which application threads were stopped: 0.0002232 seconds, Stopping threads took: 0.0001106 seconds
2016-10-12T22:46:26.004+0530: 2766.462: Total time for which application threads were stopped: 0.0001545 seconds, Stopping threads took: 0.0000578 seconds
2016-10-12T22:53:36.068+0530: 3196.526: Total time for which application threads were stopped: 0.0002356 seconds, Stopping threads took: 0.0000699 seconds
2016-10-12T22:54:51.080+0530: 3271.538: Total time for which application threads were stopped: 0.0001830 seconds, Stopping threads took: 0.0000688 seconds
2016-10-12T23:02:18.145+0530: 3718.603: Total time for which application threads were stopped: 0.0002050 seconds, Stopping threads took: 0.0000640 seconds
2016-10-12T23:02:23.146+0530: 3723.604: Total time for which application threads were stopped: 0.0001288 seconds, Stopping threads took: 0.0000299 seconds
2016-10-12T23:08:46.198+0530: 4106.656: Total time for which application threads were stopped: 0.0001570 seconds, Stopping threads took: 0.0000587 seconds
2016-10-12T23:49:46.572+0530: 6567.030: Total time for which application threads were stopped: 0.0000962 seconds, Stopping threads took: 0.0000367 seconds
2016-10-12T23:59:50.665+0530: 7171.123: Total time for which application threads were stopped: 0.0001743 seconds, Stopping threads took: 0.0000647 seconds
2016-10-13T00:02:20.688+0530: 7321.146: Total time for which application threads were stopped: 0.0001729 seconds, Stopping threads took: 0.0000629 seconds
2016-10-13T00:08:50.746+0530: 7711.204: Total time for which application threads were stopped: 0.0001650 seconds, Stopping threads took: 0.0000624 seconds
2016-10-13T02:08:50.839+0530: 14911.297: Total time for which application threads were stopped: 0.0001610 seconds, Stopping threads took: 0.0000584 seconds
2016-10-13T07:17:46.420+0530: 33446.878: Total time for which application threads were stopped: 0.0002527 seconds, Stopping threads took: 0.0000518 seconds
2016-10-13T07:17:46.421+0530: 33446.879: Total time for which application threads were stopped: 0.0001412 seconds, Stopping threads took: 0.0000379 seconds
2016-10-13T07:17:46.425+0530: 33446.883: Total time for which application threads were stopped: 0.0001139 seconds, Stopping threads took: 0.0000379 seconds
2016-10-13T07:17:46.425+0530: 33446.883: Total time for which application threads were stopped: 0.0001198 seconds, Stopping threads took: 0.0000590 seconds
2016-10-13T07:17:46.441+0530: 33446.899: Total time for which application threads were stopped: 0.0001156 seconds, Stopping threads took: 0.0000226 seconds
2016-10-13T07:17:46.441+0530: 33446.899: Total time for which application threads were stopped: 0.0000817 seconds, Stopping threads took: 0.0000137 seconds
2016-10-13T07:17:46.445+0530: 33446.903: Total time for which application threads were stopped: 0.0002535 seconds, Stopping threads took: 0.0001748 seconds
2016-10-13T07:17:46.445+0530: 33446.903: Total time for which application threads were stopped: 0.0000659 seconds, Stopping threads took: 0.0000212 seconds
2016-10-13T07:17:50.335+0530: 33450.793: Total time for which application threads were stopped: 0.0001243 seconds, Stopping threads took: 0.0000226 seconds
2016-10-13T07:17:50.335+0530: 33450.793: Total time for which application threads were stopped: 0.0000844 seconds, Stopping threads took: 0.0000128 seconds
2016-10-13T07:17:50.340+0530: 33450.798: Total time for which application threads were stopped: 0.0001019 seconds, Stopping threads took: 0.0000447 seconds
2016-10-13T07:17:50.340+0530: 33450.798: Total time for which application threads were stopped: 0.0000532 seconds, Stopping threads took: 0.0000247 seconds
2016-10-13T07:17:51.340+0530: 33451.798: Total time for which application threads were stopped: 0.0002447 seconds, Stopping threads took: 0.0000311 seconds
2016-10-13T07:18:00.342+0530: 33460.800: Total time for which application threads were stopped: 0.0000898 seconds, Stopping threads took: 0.0000182 seconds
2016-10-13T07:18:36.347+0530: 33496.805: Total time for which application threads were stopped: 0.0001505 seconds, Stopping threads took: 0.0000483 seconds
2016-10-13T07:18:46.442+0530: 33506.900: Total time for which application threads were stopped: 0.0001117 seconds, Stopping threads took: 0.0000390 seconds
2016-10-13T07:18:50.341+0530: 33510.799: Total time for which application threads were stopped: 0.0001361 seconds, Stopping threads took: 0.0000269 seconds
2016-10-13T07:22:26.279+0530: 33726.737: Total time for which application threads were stopped: 0.0001256 seconds, Stopping threads took: 0.0000316 seconds
2016-10-13T07:22:26.279+0530: 33726.738: Total time for which application threads were stopped: 0.0000820 seconds, Stopping threads took: 0.0000241 seconds
2016-10-13T07:22:26.281+0530: 33726.739: Total time for which application threads were stopped: 0.0001147 seconds, Stopping threads took: 0.0000555 seconds
2016-10-13T07:22:26.281+0530: 33726.739: Total time for which application threads were stopped: 0.0000755 seconds, Stopping threads took: 0.0000327 seconds
2016-10-13T07:22:26.311+0530: 33726.769: Total time for which application threads were stopped: 0.0000833 seconds, Stopping threads took: 0.0000176 seconds
2016-10-13T07:22:26.311+0530: 33726.769: Total time for which application threads were stopped: 0.0000675 seconds, Stopping threads took: 0.0000145 seconds
2016-10-13T07:22:26.312+0530: 33726.770: Total time for which application threads were stopped: 0.0000998 seconds, Stopping threads took: 0.0000479 seconds
2016-10-13T07:22:26.312+0530: 33726.770: Total time for which application threads were stopped: 0.0000557 seconds, Stopping threads took: 0.0000222 seconds
2016-10-13T07:22:26.336+0530: 33726.794: Total time for which application threads were stopped: 0.0000799 seconds, Stopping threads took: 0.0000204 seconds
2016-10-13T07:22:26.340+0530: 33726.798: Total time for which application threads were stopped: 0.0002264 seconds, Stopping threads took: 0.0000178 seconds
2016-10-13T07:22:26.418+0530: 33726.876: Total time for which application threads were stopped: 0.0001484 seconds, Stopping threads took: 0.0000264 seconds
2016-10-13T07:22:26.439+0530: 33726.897: Total time for which application threads were stopped: 0.0000742 seconds, Stopping threads took: 0.0000163 seconds
2016-10-13T07:22:26.465+0530: 33726.923: Total time for which application threads were stopped: 0.0000931 seconds, Stopping threads took: 0.0000212 seconds
2016-10-13T07:22:26.496+0530: 33726.954: Total time for which application threads were stopped: 0.0001538 seconds, Stopping threads took: 0.0000431 seconds
2016-10-13T07:22:26.569+0530: 33727.027: Total time for which application threads were stopped: 0.0001285 seconds, Stopping threads took: 0.0000240 seconds
2016-10-13T07:22:26.578+0530: 33727.036: Total time for which application threads were stopped: 0.0003003 seconds, Stopping threads took: 0.0000247 seconds
2016-10-13T07:22:26.614+0530: 33727.072: Total time for which application threads were stopped: 0.0003162 seconds, Stopping threads took: 0.0000232 seconds
2016-10-13T07:22:26.657+0530: 33727.115: Total time for which application threads were stopped: 0.0001425 seconds, Stopping threads took: 0.0000393 seconds
2016-10-13T07:22:26.687+0530: 33727.145: [GC (CMS Initial Mark) [1 CMS-initial-mark: 0K(393216K)] 86755K(502464K), 0.0130969 secs] [Times: user=0.05 sys=0.00, real=0.01 secs] 
2016-10-13T07:22:26.700+0530: 33727.158: Total time for which application threads were stopped: 0.0132788 seconds, Stopping threads took: 0.0000407 seconds
2016-10-13T07:22:26.700+0530: 33727.158: [CMS-concurrent-mark-start]
2016-10-13T07:22:26.700+0530: 33727.158: [CMS-concurrent-mark: 0.000/0.000 secs] [Times: user=0.00 sys=0.00, real=0.01 secs] 
2016-10-13T07:22:26.700+0530: 33727.158: [CMS-concurrent-preclean-start]
2016-10-13T07:22:26.701+0530: 33727.159: [CMS-concurrent-preclean: 0.001/0.001 secs] [Times: user=0.00 sys=0.00, real=0.00 secs] 
2016-10-13T07:22:26.701+0530: 33727.159: [CMS-concurrent-abortable-preclean-start]
2016-10-13T07:22:26.745+0530: 33727.203: Total time for which application threads were stopped: 0.0003015 seconds, Stopping threads took: 0.0000172 seconds
2016-10-13T07:22:26.751+0530: 33727.209: Total time for which application threads were stopped: 0.0000946 seconds, Stopping threads took: 0.0000178 seconds
{Heap before GC invocations=1 (full 1):
 par new generation   total 109248K, used 99058K [0x00000000e0000000, 0x00000000e8000000, 0x00000000e8000000)
  eden space 87424K, 100% used [0x00000000e0000000, 0x00000000e5560000, 0x00000000e5560000)
  from space 21824K,  53% used [0x00000000e6ab0000, 0x00000000e760c808, 0x00000000e8000000)
  to   space 21824K,   0% used [0x00000000e5560000, 0x00000000e5560000, 0x00000000e6ab0000)
 concurrent mark-sweep generation total 393216K, used 0K [0x00000000e8000000, 0x0000000100000000, 0x0000000100000000)
 Metaspace       used 23098K, capacity 23528K, committed 23620K, reserved 1071104K
  class space    used 2654K, capacity 2795K, committed 2840K, reserved 1048576K
2016-10-13T07:22:26.783+0530: 33727.241: [GC (Allocation Failure) 2016-10-13T07:22:26.783+0530: 33727.241: [ParNew
Desired survivor size 20112992 bytes, new threshold 8 (max 8)
- age   1:    5750912 bytes,    5750912 total
- age   2:    5917408 bytes,   11668320 total
: 99058K->14385K(109248K), 0.0196164 secs] 99058K->14385K(502464K), 0.0197040 secs] [Times: user=0.07 sys=0.00, real=0.02 secs] 
Heap after GC invocations=2 (full 1):
 par new generation   total 109248K, used 14385K [0x00000000e0000000, 0x00000000e8000000, 0x00000000e8000000)
  eden space 87424K,   0% used [0x00000000e0000000, 0x00000000e0000000, 0x00000000e5560000)
  from space 21824K,  65% used [0x00000000e5560000, 0x00000000e636c5c0, 0x00000000e6ab0000)
  to   space 21824K,   0% used [0x00000000e6ab0000, 0x00000000e6ab0000, 0x00000000e8000000)
 concurrent mark-sweep generation total 393216K, used 0K [0x00000000e8000000, 0x0000000100000000, 0x0000000100000000)
 Metaspace       used 23098K, capacity 23528K, committed 23620K, reserved 1071104K
  class space    used 2654K, capacity 2795K, committed 2840K, reserved 1048576K
}
2016-10-13T07:22:26.803+0530: 33727.261: Total time for which application threads were stopped: 0.0198992 seconds, Stopping threads took: 0.0000250 seconds
2016-10-13T07:22:26.816+0530: 33727.274: Total time for which application threads were stopped: 0.0041332 seconds, Stopping threads took: 0.0040275 seconds
2016-10-13T07:22:26.842+0530: 33727.300: Total time for which application threads were stopped: 0.0001488 seconds, Stopping threads took: 0.0000338 seconds
2016-10-13T07:22:26.856+0530: 33727.314: Total time for which application threads were stopped: 0.0001478 seconds, Stopping threads took: 0.0000336 seconds
2016-10-13T07:22:26.947+0530: 33727.405: Total time for which application threads were stopped: 0.0001262 seconds, Stopping threads took: 0.0000251 seconds
2016-10-13T07:22:26.978+0530: 33727.436: Total time for which application threads were stopped: 0.0001415 seconds, Stopping threads took: 0.0000278 seconds
2016-10-13T07:22:26.990+0530: 33727.448: Total time for which application threads were stopped: 0.0000908 seconds, Stopping threads took: 0.0000142 seconds
2016-10-13T07:22:26.990+0530: 33727.449: [CMS-concurrent-abortable-preclean: 0.150/0.289 secs] [Times: user=0.94 sys=0.00, real=0.28 secs] 
2016-10-13T07:22:26.991+0530: 33727.449: [GC (CMS Final Remark) [YG occupancy: 73977 K (109248 K)]2016-10-13T07:22:26.991+0530: 33727.449: [Rescan (parallel) , 0.0149706 secs]2016-10-13T07:22:27.006+0530: 33727.464: [weak refs processing, 0.0010245 secs]2016-10-13T07:22:27.007+0530: 33727.465: [class unloading, 0.0033173 secs]2016-10-13T07:22:27.010+0530: 33727.468: [scrub symbol table, 0.0045040 secs]2016-10-13T07:22:27.015+0530: 33727.473: [scrub string table, 0.0004985 secs][1 CMS-remark: 0K(393216K)] 73977K(502464K), 0.0250343 secs] [Times: user=0.07 sys=0.00, real=0.03 secs] 
2016-10-13T07:22:27.016+0530: 33727.474: Total time for which application threads were stopped: 0.0251394 seconds, Stopping threads took: 0.0000146 seconds
2016-10-13T07:22:27.016+0530: 33727.474: [CMS-concurrent-sweep-start]
{Heap before GC invocations=2 (full 1):
 par new generation   total 109248K, used 73977K [0x00000000e0000000, 0x00000000e8000000, 0x00000000e8000000)
  eden space 87424K,  68% used [0x00000000e0000000, 0x00000000e3a31f58, 0x00000000e5560000)
  from space 21824K,  65% used [0x00000000e5560000, 0x00000000e636c5c0, 0x00000000e6ab0000)
  to   space 21824K,   0% used [0x00000000e6ab0000, 0x00000000e6ab0000, 0x00000000e8000000)
 concurrent mark-sweep generation total 393216K, used 0K [0x00000000e8000000, 0x0000000100000000, 0x0000000100000000)
 Metaspace       used 24093K, capacity 24558K, committed 24872K, reserved 1071104K
  class space    used 2773K, capacity 2924K, committed 2992K, reserved 1048576K
2016-10-13T07:22:27.016+0530: 33727.474: [GC (GCLocker Initiated GC) 2016-10-13T07:22:27.016+0530: 33727.474: [ParNew
Desired survivor size 20112992 bytes, new threshold 8 (max 8)
- age   1:     841568 bytes,     841568 total
- age   2:    2421200 bytes,    3262768 total
- age   3:    5466400 bytes,    8729168 total
: 73977K->12930K(109248K), 0.0089313 secs] 73977K->12930K(502464K), 0.0089754 secs] [Times: user=0.03 sys=0.00, real=0.01 secs] 
Heap after GC invocations=3 (full 1):
 par new generation   total 109248K, used 12930K [0x00000000e0000000, 0x00000000e8000000, 0x00000000e8000000)
  eden space 87424K,   0% used [0x00000000e0000000, 0x00000000e0000000, 0x00000000e5560000)
  from space 21824K,  59% used [0x00000000e6ab0000, 0x00000000e7750990, 0x00000000e8000000)
  to   space 21824K,   0% used [0x00000000e5560000, 0x00000000e5560000, 0x00000000e6ab0000)
 concurrent mark-sweep generation total 393216K, used 0K [0x00000000e8000000, 0x0000000100000000, 0x0000000100000000)
 Metaspace       used 24093K, capacity 24558K, committed 24872K, reserved 1071104K
  class space    used 2773K, capacity 2924K, committed 2992K, reserved 1048576K
}
2016-10-13T07:22:27.025+0530: 33727.483: Total time for which application threads were stopped: 0.0091123 seconds, Stopping threads took: 0.0000145 seconds
2016-10-13T07:22:27.025+0530: 33727.483: [CMS-concurrent-sweep: 0.009/0.009 secs] [Times: user=0.03 sys=0.00, real=0.01 secs] 
2016-10-13T07:22:27.025+0530: 33727.483: [CMS-concurrent-reset-start]
2016-10-13T07:22:27.026+0530: 33727.484: [CMS-concurrent-reset: 0.001/0.001 secs] [Times: user=0.00 sys=0.00, real=0.00 secs] 
2016-10-13T07:22:27.029+0530: 33727.487: Total time for which application threads were stopped: 0.0004779 seconds, Stopping threads took: 0.0004123 seconds
2016-10-13T07:22:27.029+0530: 33727.487: Total time for which application threads were stopped: 0.0000558 seconds, Stopping threads took: 0.0000172 seconds
2016-10-13T07:22:27.029+0530: 33727.487: Total time for which application threads were stopped: 0.0000445 seconds, Stopping threads took: 0.0000182 seconds
2016-10-13T07:22:27.071+0530: 33727.529: Total time for which application threads were stopped: 0.0001364 seconds, Stopping threads took: 0.0000474 seconds
2016-10-13T07:22:27.175+0530: 33727.633: Total time for which application threads were stopped: 0.0001119 seconds, Stopping threads took: 0.0000226 seconds
2016-10-13T07:22:27.181+0530: 33727.639: Total time for which application threads were stopped: 0.0001031 seconds, Stopping threads took: 0.0000230 seconds
2016-10-13T07:22:27.184+0530: 33727.642: Total time for which application threads were stopped: 0.0000872 seconds, Stopping threads took: 0.0000165 seconds
2016-10-13T07:22:27.184+0530: 33727.642: Total time for which application threads were stopped: 0.0000877 seconds, Stopping threads took: 0.0000254 seconds
{Heap before GC invocations=3 (full 1):
 par new generation   total 109248K, used 100354K [0x00000000e0000000, 0x00000000e8000000, 0x00000000e8000000)
  eden space 87424K, 100% used [0x00000000e0000000, 0x00000000e5560000, 0x00000000e5560000)
  from space 21824K,  59% used [0x00000000e6ab0000, 0x00000000e7750990, 0x00000000e8000000)
  to   space 21824K,   0% used [0x00000000e5560000, 0x00000000e5560000, 0x00000000e6ab0000)
 concurrent mark-sweep generation total 393216K, used 0K [0x00000000e8000000, 0x0000000100000000, 0x0000000100000000)
 Metaspace       used 25555K, capacity 25966K, committed 26128K, reserved 1073152K
  class space    used 2951K, capacity 3090K, committed 3120K, reserved 1048576K
2016-10-13T07:22:27.259+0530: 33727.717: [GC (Allocation Failure) 2016-10-13T07:22:27.259+0530: 33727.717: [ParNew
Desired survivor size 20112992 bytes, new threshold 8 (max 8)
- age   1:    1758648 bytes,    1758648 total
- age   2:     315440 bytes,    2074088 total
- age   3:    2386936 bytes,    4461024 total
- age   4:    5460056 bytes,    9921080 total
: 100354K->10613K(109248K), 0.0132814 secs] 100354K->10613K(502464K), 0.0133585 secs] [Times: user=0.04 sys=0.00, real=0.02 secs] 
Heap after GC invocations=4 (full 1):
 par new generation   total 109248K, used 10613K [0x00000000e0000000, 0x00000000e8000000, 0x00000000e8000000)
  eden space 87424K,   0% used [0x00000000e0000000, 0x00000000e0000000, 0x00000000e5560000)
  from space 21824K,  48% used [0x00000000e5560000, 0x00000000e5fbd668, 0x00000000e6ab0000)
  to   space 21824K,   0% used [0x00000000e6ab0000, 0x00000000e6ab0000, 0x00000000e8000000)
 concurrent mark-sweep generation total 393216K, used 0K [0x00000000e8000000, 0x0000000100000000, 0x0000000100000000)
 Metaspace       used 25555K, capacity 25966K, committed 26128K, reserved 1073152K
  class space    used 2951K, capacity 3090K, committed 3120K, reserved 1048576K
}
2016-10-13T07:22:27.273+0530: 33727.731: Total time for which application threads were stopped: 0.0135835 seconds, Stopping threads took: 0.0000230 seconds
2016-10-13T07:22:27.298+0530: 33727.756: Total time for which application threads were stopped: 0.0001389 seconds, Stopping threads took: 0.0000255 seconds
2016-10-13T07:22:27.353+0530: 33727.811: Total time for which application threads were stopped: 0.0001625 seconds, Stopping threads took: 0.0000260 seconds
2016-10-13T07:22:27.380+0530: 33727.838: Total time for which application threads were stopped: 0.0004119 seconds, Stopping threads took: 0.0000242 seconds
2016-10-13T07:22:27.390+0530: 33727.848: Total time for which application threads were stopped: 0.0003616 seconds, Stopping threads took: 0.0000190 seconds
2016-10-13T07:22:27.400+0530: 33727.858: Total time for which application threads were stopped: 0.0003814 seconds, Stopping threads took: 0.0000304 seconds
2016-10-13T07:22:27.545+0530: 33728.003: Total time for which application threads were stopped: 0.0008935 seconds, Stopping threads took: 0.0007834 seconds
2016-10-13T07:22:27.547+0530: 33728.005: Total time for which application threads were stopped: 0.0002236 seconds, Stopping threads took: 0.0000395 seconds
2016-10-13T07:22:27.550+0530: 33728.008: Total time for which application threads were stopped: 0.0000736 seconds, Stopping threads took: 0.0000221 seconds
2016-10-13T07:22:27.798+0530: 33728.256: Total time for which application threads were stopped: 0.0004447 seconds, Stopping threads took: 0.0000347 seconds
2016-10-13T07:22:27.799+0530: 33728.257: Total time for which application threads were stopped: 0.0001631 seconds, Stopping threads took: 0.0000326 seconds
2016-10-13T07:22:27.901+0530: 33728.359: Total time for which application threads were stopped: 0.0001651 seconds, Stopping threads took: 0.0000468 seconds
2016-10-13T07:22:28.901+0530: 33729.359: Total time for which application threads were stopped: 0.0001720 seconds, Stopping threads took: 0.0000351 seconds
2016-10-13T07:22:31.902+0530: 33732.360: Total time for which application threads were stopped: 0.0002007 seconds, Stopping threads took: 0.0000679 seconds
2016-10-13T07:22:50.904+0530: 33751.363: Total time for which application threads were stopped: 0.0001452 seconds, Stopping threads took: 0.0000523 seconds
2016-10-13T07:22:56.905+0530: 33757.363: Total time for which application threads were stopped: 0.0000940 seconds, Stopping threads took: 0.0000215 seconds
2016-10-13T07:23:20.909+0530: 33781.367: Total time for which application threads were stopped: 0.0001094 seconds, Stopping threads took: 0.0000383 seconds
2016-10-13T07:23:26.313+0530: 33786.771: Total time for which application threads were stopped: 0.0001064 seconds, Stopping threads took: 0.0000194 seconds
2016-10-13T07:23:51.316+0530: 33811.774: Total time for which application threads were stopped: 0.0001788 seconds, Stopping threads took: 0.0000642 seconds
2016-10-13T07:23:57.317+0530: 33817.775: Total time for which application threads were stopped: 0.0001263 seconds, Stopping threads took: 0.0000273 seconds
2016-10-13T07:24:02.318+0530: 33822.776: Total time for which application threads were stopped: 0.0001563 seconds, Stopping threads took: 0.0000334 seconds
2016-10-13T07:25:09.107+0530: 33889.565: Total time for which application threads were stopped: 0.0001694 seconds, Stopping threads took: 0.0000776 seconds
2016-10-13T07:25:09.112+0530: 33889.570: Total time for which application threads were stopped: 0.0000836 seconds, Stopping threads took: 0.0000148 seconds
2016-10-13T07:25:09.122+0530: 33889.580: Total time for which application threads were stopped: 0.0001041 seconds, Stopping threads took: 0.0000407 seconds
2016-10-13T07:25:10.122+0530: 33890.580: Total time for which application threads were stopped: 0.0001511 seconds, Stopping threads took: 0.0000307 seconds
2016-10-13T07:25:21.124+0530: 33901.582: Total time for which application threads were stopped: 0.0002308 seconds, Stopping threads took: 0.0000724 seconds
2016-10-13T07:35:52.093+0530: 34532.551: Total time for which application threads were stopped: 0.0001323 seconds, Stopping threads took: 0.0000380 seconds
2016-10-13T07:36:47.624+0530: 34588.082: Total time for which application threads were stopped: 0.0003935 seconds, Stopping threads took: 0.0000354 seconds
2016-10-13T07:36:48.624+0530: 34589.082: Total time for which application threads were stopped: 0.0000908 seconds, Stopping threads took: 0.0000194 seconds
2016-10-13T07:37:17.610+0530: 34618.068: Total time for which application threads were stopped: 0.0000957 seconds, Stopping threads took: 0.0000303 seconds
2016-10-13T07:39:13.352+0530: 34733.810: Total time for which application threads were stopped: 0.0001346 seconds, Stopping threads took: 0.0000230 seconds
2016-10-13T07:39:24.354+0530: 34744.812: Total time for which application threads were stopped: 0.0001068 seconds, Stopping threads took: 0.0000241 seconds
2016-10-13T07:39:37.356+0530: 34757.814: Total time for which application threads were stopped: 0.0002893 seconds, Stopping threads took: 0.0000701 seconds
2016-10-13T07:39:54.759+0530: 34775.217: Total time for which application threads were stopped: 0.0001115 seconds, Stopping threads took: 0.0000285 seconds
2016-10-13T07:41:01.769+0530: 34842.227: Total time for which application threads were stopped: 0.0001129 seconds, Stopping threads took: 0.0000376 seconds
2016-10-13T07:43:47.462+0530: 35007.920: Total time for which application threads were stopped: 0.0004174 seconds, Stopping threads took: 0.0000380 seconds
{Heap before GC invocations=4 (full 1):
 par new generation   total 109248K, used 98037K [0x00000000e0000000, 0x00000000e8000000, 0x00000000e8000000)
  eden space 87424K, 100% used [0x00000000e0000000, 0x00000000e5560000, 0x00000000e5560000)
  from space 21824K,  48% used [0x00000000e5560000, 0x00000000e5fbd668, 0x00000000e6ab0000)
  to   space 21824K,   0% used [0x00000000e6ab0000, 0x00000000e6ab0000, 0x00000000e8000000)
 concurrent mark-sweep generation total 393216K, used 0K [0x00000000e8000000, 0x0000000100000000, 0x0000000100000000)
 Metaspace       used 30370K, capacity 30846K, committed 31120K, reserved 1077248K
  class space    used 3494K, capacity 3674K, committed 3760K, reserved 1048576K
2016-10-13T07:43:47.535+0530: 35007.993: [GC (Allocation Failure) 2016-10-13T07:43:47.535+0530: 35007.993: [ParNew
Desired survivor size 20112992 bytes, new threshold 8 (max 8)
- age   1:    9077992 bytes,    9077992 total
- age   2:     366744 bytes,    9444736 total
- age   3:     307720 bytes,    9752456 total
- age   4:    1638504 bytes,   11390960 total
- age   5:    5395168 bytes,   16786128 total
: 98037K->21824K(109248K), 0.0227526 secs] 98037K->21824K(502464K), 0.0228475 secs] [Times: user=0.08 sys=0.00, real=0.02 secs] 
Heap after GC invocations=5 (full 1):
 par new generation   total 109248K, used 21824K [0x00000000e0000000, 0x00000000e8000000, 0x00000000e8000000)
  eden space 87424K,   0% used [0x00000000e0000000, 0x00000000e0000000, 0x00000000e5560000)
  from space 21824K, 100% used [0x00000000e6ab0000, 0x00000000e8000000, 0x00000000e8000000)
  to   space 21824K,   0% used [0x00000000e5560000, 0x00000000e5560000, 0x00000000e6ab0000)
 concurrent mark-sweep generation total 393216K, used 0K [0x00000000e8000000, 0x0000000100000000, 0x0000000100000000)
 Metaspace       used 30370K, capacity 30846K, committed 31120K, reserved 1077248K
  class space    used 3494K, capacity 3674K, committed 3760K, reserved 1048576K
}
2016-10-13T07:43:47.557+0530: 35008.016: Total time for which application threads were stopped: 0.0230957 seconds, Stopping threads took: 0.0000592 seconds
2016-10-13T07:43:47.561+0530: 35008.019: Total time for which application threads were stopped: 0.0001529 seconds, Stopping threads took: 0.0000322 seconds
2016-10-13T07:43:47.613+0530: 35008.072: Total time for which application threads were stopped: 0.0004448 seconds, Stopping threads took: 0.0000257 seconds
2016-10-13T07:43:47.763+0530: 35008.221: Total time for which application threads were stopped: 0.0001559 seconds, Stopping threads took: 0.0000290 seconds
2016-10-13T07:43:47.985+0530: 35008.443: Total time for which application threads were stopped: 0.0004178 seconds, Stopping threads took: 0.0000299 seconds
2016-10-13T07:43:48.000+0530: 35008.458: Total time for which application threads were stopped: 0.0001039 seconds, Stopping threads took: 0.0000252 seconds
2016-10-13T07:43:48.001+0530: 35008.459: Total time for which application threads were stopped: 0.0000923 seconds, Stopping threads took: 0.0000372 seconds
2016-10-13T07:43:48.001+0530: 35008.459: Total time for which application threads were stopped: 0.0000513 seconds, Stopping threads took: 0.0000137 seconds
2016-10-13T07:43:48.001+0530: 35008.459: Total time for which application threads were stopped: 0.0000489 seconds, Stopping threads took: 0.0000122 seconds
2016-10-13T07:43:48.001+0530: 35008.459: Total time for which application threads were stopped: 0.0000567 seconds, Stopping threads took: 0.0000216 seconds
2016-10-13T07:43:48.001+0530: 35008.459: Total time for which application threads were stopped: 0.0000577 seconds, Stopping threads took: 0.0000107 seconds
2016-10-13T07:43:48.001+0530: 35008.459: Total time for which application threads were stopped: 0.0000349 seconds, Stopping threads took: 0.0000100 seconds
2016-10-13T07:43:48.001+0530: 35008.459: Total time for which application threads were stopped: 0.0000447 seconds, Stopping threads took: 0.0000184 seconds
2016-10-13T07:43:48.001+0530: 35008.459: Total time for which application threads were stopped: 0.0000296 seconds, Stopping threads took: 0.0000071 seconds
2016-10-13T07:43:48.001+0530: 35008.459: Total time for which application threads were stopped: 0.0000270 seconds, Stopping threads took: 0.0000058 seconds
2016-10-13T07:43:48.001+0530: 35008.459: Total time for which application threads were stopped: 0.0000261 seconds, Stopping threads took: 0.0000057 seconds
2016-10-13T07:43:48.001+0530: 35008.459: Total time for which application threads were stopped: 0.0000279 seconds, Stopping threads took: 0.0000056 seconds
2016-10-13T07:43:48.001+0530: 35008.459: Total time for which application threads were stopped: 0.0000260 seconds, Stopping threads took: 0.0000056 seconds
2016-10-13T07:43:48.001+0530: 35008.459: Total time for which application threads were stopped: 0.0000257 seconds, Stopping threads took: 0.0000055 seconds
2016-10-13T07:43:48.002+0530: 35008.460: Total time for which application threads were stopped: 0.0000510 seconds, Stopping threads took: 0.0000192 seconds
2016-10-13T07:43:48.002+0530: 35008.460: Total time for which application threads were stopped: 0.0000540 seconds, Stopping threads took: 0.0000122 seconds
2016-10-13T07:43:48.002+0530: 35008.460: Total time for which application threads were stopped: 0.0000496 seconds, Stopping threads took: 0.0000101 seconds
2016-10-13T07:43:48.002+0530: 35008.460: Total time for which application threads were stopped: 0.0000471 seconds, Stopping threads took: 0.0000099 seconds
2016-10-13T07:43:48.002+0530: 35008.460: Total time for which application threads were stopped: 0.0000328 seconds, Stopping threads took: 0.0000084 seconds
2016-10-13T07:43:48.002+0530: 35008.460: Total time for which application threads were stopped: 0.0000451 seconds, Stopping threads took: 0.0000180 seconds
2016-10-13T07:43:48.002+0530: 35008.460: Total time for which application threads were stopped: 0.0000964 seconds, Stopping threads took: 0.0000077 seconds
2016-10-13T07:43:48.004+0530: 35008.462: Total time for which application threads were stopped: 0.0000822 seconds, Stopping threads took: 0.0000166 seconds
2016-10-13T07:43:48.005+0530: 35008.463: Total time for which application threads were stopped: 0.0000868 seconds, Stopping threads took: 0.0000243 seconds
2016-10-13T07:43:48.005+0530: 35008.463: Total time for which application threads were stopped: 0.0000567 seconds, Stopping threads took: 0.0000081 seconds
2016-10-13T07:43:48.005+0530: 35008.463: Total time for which application threads were stopped: 0.0000526 seconds, Stopping threads took: 0.0000077 seconds
2016-10-13T07:43:48.005+0530: 35008.463: Total time for which application threads were stopped: 0.0000526 seconds, Stopping threads took: 0.0000081 seconds
2016-10-13T07:43:48.005+0530: 35008.463: Total time for which application threads were stopped: 0.0000523 seconds, Stopping threads took: 0.0000078 seconds
2016-10-13T07:43:48.005+0530: 35008.463: Total time for which application threads were stopped: 0.0000532 seconds, Stopping threads took: 0.0000080 seconds
2016-10-13T07:43:48.005+0530: 35008.463: Total time for which application threads were stopped: 0.0000549 seconds, Stopping threads took: 0.0000102 seconds
2016-10-13T07:43:48.006+0530: 35008.464: Total time for which application threads were stopped: 0.0000517 seconds, Stopping threads took: 0.0000078 seconds
2016-10-13T07:43:48.006+0530: 35008.464: Total time for which application threads were stopped: 0.0000536 seconds, Stopping threads took: 0.0000080 seconds
2016-10-13T07:43:48.006+0530: 35008.464: Total time for which application threads were stopped: 0.0000484 seconds, Stopping threads took: 0.0000093 seconds
2016-10-13T07:43:48.006+0530: 35008.464: Total time for which application threads were stopped: 0.0000447 seconds, Stopping threads took: 0.0000080 seconds
2016-10-13T07:43:48.006+0530: 35008.464: Total time for which application threads were stopped: 0.0000446 seconds, Stopping threads took: 0.0000079 seconds
2016-10-13T07:43:48.006+0530: 35008.464: Total time for which application threads were stopped: 0.0000446 seconds, Stopping threads took: 0.0000080 seconds
2016-10-13T07:43:48.006+0530: 35008.464: Total time for which application threads were stopped: 0.0000464 seconds, Stopping threads took: 0.0000090 seconds
2016-10-13T07:43:48.006+0530: 35008.464: Total time for which application threads were stopped: 0.0000469 seconds, Stopping threads took: 0.0000088 seconds
2016-10-13T07:43:48.006+0530: 35008.464: Total time for which application threads were stopped: 0.0000462 seconds, Stopping threads took: 0.0000090 seconds
2016-10-13T07:43:48.006+0530: 35008.464: Total time for which application threads were stopped: 0.0000453 seconds, Stopping threads took: 0.0000084 seconds
2016-10-13T07:43:48.006+0530: 35008.464: Total time for which application threads were stopped: 0.0000447 seconds, Stopping threads took: 0.0000084 seconds
2016-10-13T07:43:48.006+0530: 35008.464: Total time for which application threads were stopped: 0.0000451 seconds, Stopping threads took: 0.0000083 seconds
2016-10-13T07:43:48.006+0530: 35008.464: Total time for which application threads were stopped: 0.0000446 seconds, Stopping threads took: 0.0000084 seconds
2016-10-13T07:43:48.006+0530: 35008.465: Total time for which application threads were stopped: 0.0001562 seconds, Stopping threads took: 0.0000088 seconds
2016-10-13T07:43:48.007+0530: 35008.465: Total time for which application threads were stopped: 0.0000499 seconds, Stopping threads took: 0.0000102 seconds
2016-10-13T07:43:48.007+0530: 35008.465: Total time for which application threads were stopped: 0.0000540 seconds, Stopping threads took: 0.0000096 seconds
2016-10-13T07:43:48.007+0530: 35008.465: Total time for which application threads were stopped: 0.0000473 seconds, Stopping threads took: 0.0000088 seconds
2016-10-13T07:43:48.007+0530: 35008.465: Total time for which application threads were stopped: 0.0000460 seconds, Stopping threads took: 0.0000086 seconds
2016-10-13T07:43:48.008+0530: 35008.466: Total time for which application threads were stopped: 0.0000990 seconds, Stopping threads took: 0.0000208 seconds
2016-10-13T07:43:48.009+0530: 35008.467: Total time for which application threads were stopped: 0.0000850 seconds, Stopping threads took: 0.0000246 seconds
2016-10-13T07:43:48.009+0530: 35008.467: Total time for which application threads were stopped: 0.0000607 seconds, Stopping threads took: 0.0000188 seconds
2016-10-13T07:43:48.009+0530: 35008.468: Total time for which application threads were stopped: 0.0000747 seconds, Stopping threads took: 0.0000231 seconds
2016-10-13T07:43:48.010+0530: 35008.468: Total time for which application threads were stopped: 0.0000660 seconds, Stopping threads took: 0.0000285 seconds
2016-10-13T07:43:48.013+0530: 35008.471: Total time for which application threads were stopped: 0.0001065 seconds, Stopping threads took: 0.0000365 seconds
2016-10-13T07:43:48.013+0530: 35008.471: Total time for which application threads were stopped: 0.0000607 seconds, Stopping threads took: 0.0000179 seconds
2016-10-13T07:43:48.013+0530: 35008.471: Total time for which application threads were stopped: 0.0000656 seconds, Stopping threads took: 0.0000213 seconds
2016-10-13T07:43:48.013+0530: 35008.471: Total time for which application threads were stopped: 0.0000555 seconds, Stopping threads took: 0.0000177 seconds
2016-10-13T07:43:48.014+0530: 35008.472: Total time for which application threads were stopped: 0.0000602 seconds, Stopping threads took: 0.0000213 seconds
2016-10-13T07:43:48.014+0530: 35008.472: Total time for which application threads were stopped: 0.0000570 seconds, Stopping threads took: 0.0000196 seconds
2016-10-13T07:43:48.019+0530: 35008.477: Total time for which application threads were stopped: 0.0001095 seconds, Stopping threads took: 0.0000369 seconds
2016-10-13T07:43:48.019+0530: 35008.477: Total time for which application threads were stopped: 0.0000699 seconds, Stopping threads took: 0.0000317 seconds
2016-10-13T07:43:48.019+0530: 35008.477: Total time for which application threads were stopped: 0.0000643 seconds, Stopping threads took: 0.0000267 seconds
2016-10-13T07:43:48.019+0530: 35008.477: Total time for which application threads were stopped: 0.0000534 seconds, Stopping threads took: 0.0000270 seconds
2016-10-13T07:43:48.019+0530: 35008.477: Total time for which application threads were stopped: 0.0000337 seconds, Stopping threads took: 0.0000089 seconds
2016-10-13T07:43:48.019+0530: 35008.477: Total time for which application threads were stopped: 0.0000324 seconds, Stopping threads took: 0.0000085 seconds
2016-10-13T07:43:48.019+0530: 35008.477: Total time for which application threads were stopped: 0.0000424 seconds, Stopping threads took: 0.0000181 seconds
2016-10-13T07:43:48.019+0530: 35008.477: Total time for which application threads were stopped: 0.0000327 seconds, Stopping threads took: 0.0000084 seconds
2016-10-13T07:43:48.019+0530: 35008.477: Total time for which application threads were stopped: 0.0000333 seconds, Stopping threads took: 0.0000087 seconds
2016-10-13T07:43:48.019+0530: 35008.477: Total time for which application threads were stopped: 0.0000325 seconds, Stopping threads took: 0.0000084 seconds
2016-10-13T07:43:48.019+0530: 35008.477: Total time for which application threads were stopped: 0.0000530 seconds, Stopping threads took: 0.0000281 seconds
2016-10-13T07:43:48.019+0530: 35008.477: Total time for which application threads were stopped: 0.0000570 seconds, Stopping threads took: 0.0000084 seconds
2016-10-13T07:43:48.019+0530: 35008.477: Total time for which application threads were stopped: 0.0000436 seconds, Stopping threads took: 0.0000177 seconds
2016-10-13T07:43:48.019+0530: 35008.477: Total time for which application threads were stopped: 0.0000393 seconds, Stopping threads took: 0.0000149 seconds
2016-10-13T07:43:48.019+0530: 35008.477: Total time for which application threads were stopped: 0.0000422 seconds, Stopping threads took: 0.0000184 seconds
2016-10-13T07:43:48.020+0530: 35008.478: Total time for which application threads were stopped: 0.0000403 seconds, Stopping threads took: 0.0000163 seconds
2016-10-13T07:43:48.020+0530: 35008.478: Total time for which application threads were stopped: 0.0000415 seconds, Stopping threads took: 0.0000178 seconds
2016-10-13T07:43:48.020+0530: 35008.478: Total time for which application threads were stopped: 0.0000434 seconds, Stopping threads took: 0.0000191 seconds
2016-10-13T07:43:48.020+0530: 35008.478: Total time for which application threads were stopped: 0.0000416 seconds, Stopping threads took: 0.0000177 seconds
2016-10-13T07:43:48.020+0530: 35008.478: Total time for which application threads were stopped: 0.0000986 seconds, Stopping threads took: 0.0000090 seconds
2016-10-13T07:43:48.022+0530: 35008.480: Total time for which application threads were stopped: 0.0001183 seconds, Stopping threads took: 0.0000344 seconds
2016-10-13T07:43:48.022+0530: 35008.480: Total time for which application threads were stopped: 0.0000374 seconds, Stopping threads took: 0.0000108 seconds
2016-10-13T07:43:48.022+0530: 35008.480: Total time for which application threads were stopped: 0.0000342 seconds, Stopping threads took: 0.0000084 seconds
2016-10-13T07:43:48.022+0530: 35008.480: Total time for which application threads were stopped: 0.0000295 seconds, Stopping threads took: 0.0000065 seconds
2016-10-13T07:43:48.022+0530: 35008.480: Total time for which application threads were stopped: 0.0000429 seconds, Stopping threads took: 0.0000178 seconds
2016-10-13T07:43:48.022+0530: 35008.480: Total time for which application threads were stopped: 0.0000323 seconds, Stopping threads took: 0.0000082 seconds
2016-10-13T07:43:48.023+0530: 35008.481: Total time for which application threads were stopped: 0.0000329 seconds, Stopping threads took: 0.0000078 seconds
2016-10-13T07:43:48.023+0530: 35008.481: Total time for which application threads were stopped: 0.0000321 seconds, Stopping threads took: 0.0000094 seconds
2016-10-13T07:43:48.023+0530: 35008.481: Total time for which application threads were stopped: 0.0000396 seconds, Stopping threads took: 0.0000153 seconds
2016-10-13T07:43:48.023+0530: 35008.481: Total time for which application threads were stopped: 0.0000320 seconds, Stopping threads took: 0.0000079 seconds
2016-10-13T07:43:48.023+0530: 35008.481: Total time for which application threads were stopped: 0.0000414 seconds, Stopping threads took: 0.0000166 seconds
2016-10-13T07:43:48.023+0530: 35008.481: Total time for which application threads were stopped: 0.0000359 seconds, Stopping threads took: 0.0000119 seconds
2016-10-13T07:43:48.023+0530: 35008.481: Total time for which application threads were stopped: 0.0000454 seconds, Stopping threads took: 0.0000212 seconds
2016-10-13T07:43:48.023+0530: 35008.481: Total time for which application threads were stopped: 0.0000415 seconds, Stopping threads took: 0.0000172 seconds
2016-10-13T07:43:48.023+0530: 35008.481: Total time for which application threads were stopped: 0.0000409 seconds, Stopping threads took: 0.0000141 seconds
2016-10-13T07:43:48.023+0530: 35008.481: Total time for which application threads were stopped: 0.0000301 seconds, Stopping threads took: 0.0000072 seconds
2016-10-13T07:43:48.023+0530: 35008.481: Total time for which application threads were stopped: 0.0000319 seconds, Stopping threads took: 0.0000079 seconds
2016-10-13T07:43:48.023+0530: 35008.481: Total time for which application threads were stopped: 0.0000382 seconds, Stopping threads took: 0.0000138 seconds
2016-10-13T07:43:48.023+0530: 35008.481: Total time for which application threads were stopped: 0.0000309 seconds, Stopping threads took: 0.0000069 seconds
2016-10-13T07:43:48.023+0530: 35008.481: Total time for which application threads were stopped: 0.0001146 seconds, Stopping threads took: 0.0000157 seconds
2016-10-13T07:43:48.025+0530: 35008.483: Total time for which application threads were stopped: 0.0000771 seconds, Stopping threads took: 0.0000196 seconds
2016-10-13T07:43:48.037+0530: 35008.495: Total time for which application threads were stopped: 0.0001276 seconds, Stopping threads took: 0.0000359 seconds
2016-10-13T07:43:48.048+0530: 35008.506: Total time for which application threads were stopped: 0.0001258 seconds, Stopping threads took: 0.0000398 seconds
2016-10-13T07:43:48.064+0530: 35008.522: Total time for which application threads were stopped: 0.0001341 seconds, Stopping threads took: 0.0000445 seconds
2016-10-13T07:43:48.073+0530: 35008.531: Total time for which application threads were stopped: 0.0000947 seconds, Stopping threads took: 0.0000207 seconds
2016-10-13T07:43:48.083+0530: 35008.541: Total time for which application threads were stopped: 0.0001215 seconds, Stopping threads took: 0.0000372 seconds
2016-10-13T07:43:48.102+0530: 35008.560: Total time for which application threads were stopped: 0.0001711 seconds, Stopping threads took: 0.0000967 seconds
2016-10-13T07:43:48.110+0530: 35008.568: Total time for which application threads were stopped: 0.0001163 seconds, Stopping threads took: 0.0000308 seconds
2016-10-13T07:43:48.118+0530: 35008.576: Total time for which application threads were stopped: 0.0001205 seconds, Stopping threads took: 0.0000261 seconds
2016-10-13T07:43:48.130+0530: 35008.588: Total time for which application threads were stopped: 0.0000815 seconds, Stopping threads took: 0.0000220 seconds
2016-10-13T07:43:48.139+0530: 35008.597: Total time for which application threads were stopped: 0.0000995 seconds, Stopping threads took: 0.0000323 seconds
2016-10-13T07:43:48.146+0530: 35008.604: Total time for which application threads were stopped: 0.0001182 seconds, Stopping threads took: 0.0000385 seconds
2016-10-13T07:43:48.156+0530: 35008.614: Total time for which application threads were stopped: 0.0001219 seconds, Stopping threads took: 0.0000451 seconds
2016-10-13T07:43:48.174+0530: 35008.632: Total time for which application threads were stopped: 0.0000886 seconds, Stopping threads took: 0.0000208 seconds
2016-10-13T07:43:48.187+0530: 35008.645: Total time for which application threads were stopped: 0.0001507 seconds, Stopping threads took: 0.0000560 seconds
2016-10-13T07:43:48.195+0530: 35008.653: Total time for which application threads were stopped: 0.0001081 seconds, Stopping threads took: 0.0000361 seconds
2016-10-13T07:43:48.203+0530: 35008.661: Total time for which application threads were stopped: 0.0001150 seconds, Stopping threads took: 0.0000471 seconds
2016-10-13T07:43:48.210+0530: 35008.668: Total time for which application threads were stopped: 0.0001156 seconds, Stopping threads took: 0.0000349 seconds
2016-10-13T07:43:48.222+0530: 35008.680: Total time for which application threads were stopped: 0.0001952 seconds, Stopping threads took: 0.0000550 seconds
2016-10-13T07:43:48.533+0530: 35008.991: Total time for which application threads were stopped: 0.0001743 seconds, Stopping threads took: 0.0000475 seconds
{Heap before GC invocations=5 (full 1):
 par new generation   total 109248K, used 109248K [0x00000000e0000000, 0x00000000e8000000, 0x00000000e8000000)
  eden space 87424K, 100% used [0x00000000e0000000, 0x00000000e5560000, 0x00000000e5560000)
  from space 21824K, 100% used [0x00000000e6ab0000, 0x00000000e8000000, 0x00000000e8000000)
  to   space 21824K,   0% used [0x00000000e5560000, 0x00000000e5560000, 0x00000000e6ab0000)
 concurrent mark-sweep generation total 393216K, used 0K [0x00000000e8000000, 0x0000000100000000, 0x0000000100000000)
 Metaspace       used 33703K, capacity 34244K, committed 34576K, reserved 1079296K
  class space    used 3848K, capacity 4051K, committed 4144K, reserved 1048576K
2016-10-13T07:43:48.623+0530: 35009.081: [GC (Allocation Failure) 2016-10-13T07:43:48.623+0530: 35009.081: [ParNew
Desired survivor size 20112992 bytes, new threshold 8 (max 8)
- age   1:    7671128 bytes,    7671128 total
- age   2:    4281000 bytes,   11952128 total
- age   3:     335240 bytes,   12287368 total
- age   4:     240592 bytes,   12527960 total
- age   5:    1628608 bytes,   14156568 total
- age   6:    5375680 bytes,   19532248 total
: 109248K->21824K(109248K), 0.0167668 secs] 109248K->21890K(502464K), 0.0168218 secs] [Times: user=0.07 sys=0.00, real=0.01 secs] 
Heap after GC invocations=6 (full 1):
 par new generation   total 109248K, used 21824K [0x00000000e0000000, 0x00000000e8000000, 0x00000000e8000000)
  eden space 87424K,   0% used [0x00000000e0000000, 0x00000000e0000000, 0x00000000e5560000)
  from space 21824K, 100% used [0x00000000e5560000, 0x00000000e6ab0000, 0x00000000e6ab0000)
  to   space 21824K,   0% used [0x00000000e6ab0000, 0x00000000e6ab0000, 0x00000000e8000000)
 concurrent mark-sweep generation total 393216K, used 66K [0x00000000e8000000, 0x0000000100000000, 0x0000000100000000)
 Metaspace       used 33703K, capacity 34244K, committed 34576K, reserved 1079296K
  class space    used 3848K, capacity 4051K, committed 4144K, reserved 1048576K
}
2016-10-13T07:43:48.639+0530: 35009.097: Total time for which application threads were stopped: 0.0170593 seconds, Stopping threads took: 0.0000429 seconds
2016-10-13T07:43:49.057+0530: 35009.515: Total time for which application threads were stopped: 0.0001973 seconds, Stopping threads took: 0.0000173 seconds
2016-10-13T07:43:49.058+0530: 35009.516: Total time for which application threads were stopped: 0.0000824 seconds, Stopping threads took: 0.0000116 seconds
2016-10-13T07:43:49.058+0530: 35009.516: Total time for which application threads were stopped: 0.0000714 seconds, Stopping threads took: 0.0000106 seconds
2016-10-13T07:43:49.058+0530: 35009.516: Total time for which application threads were stopped: 0.0000685 seconds, Stopping threads took: 0.0000107 seconds
2016-10-13T07:43:49.058+0530: 35009.516: Total time for which application threads were stopped: 0.0000658 seconds, Stopping threads took: 0.0000099 seconds
2016-10-13T07:43:49.058+0530: 35009.516: Total time for which application threads were stopped: 0.0000659 seconds, Stopping threads took: 0.0000101 seconds
2016-10-13T07:43:49.059+0530: 35009.517: Total time for which application threads were stopped: 0.0000656 seconds, Stopping threads took: 0.0000099 seconds
2016-10-13T07:43:49.060+0530: 35009.518: Total time for which application threads were stopped: 0.0000497 seconds, Stopping threads took: 0.0000080 seconds
2016-10-13T07:43:49.345+0530: 35009.803: Total time for which application threads were stopped: 0.0001513 seconds, Stopping threads took: 0.0000226 seconds
2016-10-13T07:43:49.346+0530: 35009.804: Total time for which application threads were stopped: 0.0000781 seconds, Stopping threads took: 0.0000135 seconds
2016-10-13T07:43:49.346+0530: 35009.804: Total time for which application threads were stopped: 0.0000813 seconds, Stopping threads took: 0.0000148 seconds
2016-10-13T07:43:49.361+0530: 35009.819: Total time for which application threads were stopped: 0.0001174 seconds, Stopping threads took: 0.0000227 seconds
2016-10-13T07:43:49.361+0530: 35009.819: Total time for which application threads were stopped: 0.0000738 seconds, Stopping threads took: 0.0000125 seconds
2016-10-13T07:43:49.361+0530: 35009.819: Total time for which application threads were stopped: 0.0000737 seconds, Stopping threads took: 0.0000131 seconds
2016-10-13T07:43:49.391+0530: 35009.849: Total time for which application threads were stopped: 0.0002079 seconds, Stopping threads took: 0.0000372 seconds
2016-10-13T07:43:49.458+0530: 35009.916: Total time for which application threads were stopped: 0.0001550 seconds, Stopping threads took: 0.0000464 seconds
2016-10-13T07:43:49.987+0530: 35010.445: Total time for which application threads were stopped: 0.0001159 seconds, Stopping threads took: 0.0000190 seconds
2016-10-13T07:43:49.988+0530: 35010.446: Total time for which application threads were stopped: 0.0001369 seconds, Stopping threads took: 0.0000834 seconds
2016-10-13T07:43:49.988+0530: 35010.446: Total time for which application threads were stopped: 0.0000609 seconds, Stopping threads took: 0.0000153 seconds
2016-10-13T07:43:49.989+0530: 35010.447: Total time for which application threads were stopped: 0.0000592 seconds, Stopping threads took: 0.0000128 seconds
2016-10-13T07:43:49.989+0530: 35010.447: Total time for which application threads were stopped: 0.0000522 seconds, Stopping threads took: 0.0000084 seconds
2016-10-13T07:43:49.991+0530: 35010.449: Total time for which application threads were stopped: 0.0004427 seconds, Stopping threads took: 0.0000128 seconds
2016-10-13T07:43:49.999+0530: 35010.457: Total time for which application threads were stopped: 0.0004452 seconds, Stopping threads took: 0.0000214 seconds
2016-10-13T07:43:50.011+0530: 35010.469: Total time for which application threads were stopped: 0.0000991 seconds, Stopping threads took: 0.0000300 seconds
2016-10-13T07:43:51.011+0530: 35011.469: Total time for which application threads were stopped: 0.0001066 seconds, Stopping threads took: 0.0000205 seconds
2016-10-13T07:50:38.040+0530: 35418.498: Total time for which application threads were stopped: 0.0001972 seconds, Stopping threads took: 0.0000281 seconds
2016-10-13T07:50:38.041+0530: 35418.499: Total time for which application threads were stopped: 0.0000698 seconds, Stopping threads took: 0.0000169 seconds
2016-10-13T07:50:38.041+0530: 35418.499: Total time for which application threads were stopped: 0.0000561 seconds, Stopping threads took: 0.0000110 seconds
2016-10-13T07:50:38.041+0530: 35418.499: Total time for which application threads were stopped: 0.0000530 seconds, Stopping threads took: 0.0000096 seconds
{Heap before GC invocations=6 (full 1):
 par new generation   total 109248K, used 109248K [0x00000000e0000000, 0x00000000e8000000, 0x00000000e8000000)
  eden space 87424K, 100% used [0x00000000e0000000, 0x00000000e5560000, 0x00000000e5560000)
  from space 21824K, 100% used [0x00000000e5560000, 0x00000000e6ab0000, 0x00000000e6ab0000)
  to   space 21824K,   0% used [0x00000000e6ab0000, 0x00000000e6ab0000, 0x00000000e8000000)
 concurrent mark-sweep generation total 393216K, used 66K [0x00000000e8000000, 0x0000000100000000, 0x0000000100000000)
 Metaspace       used 34823K, capacity 35454K, committed 35728K, reserved 1081344K
  class space    used 3937K, capacity 4152K, committed 4272K, reserved 1048576K
2016-10-13T07:50:38.085+0530: 35418.543: [GC (Allocation Failure) 2016-10-13T07:50:38.085+0530: 35418.543: [ParNew
Desired survivor size 20112992 bytes, new threshold 8 (max 8)
- age   1:    2242320 bytes,    2242320 total
- age   2:    4151536 bytes,    6393856 total
- age   3:    4252040 bytes,   10645896 total
- age   4:     327056 bytes,   10972952 total
- age   5:     239864 bytes,   11212816 total
- age   6:    1621168 bytes,   12833984 total
- age   7:    4671960 bytes,   17505944 total
: 109248K->21824K(109248K), 0.0311076 secs] 109314K->22910K(502464K), 0.0312329 secs] [Times: user=0.10 sys=0.00, real=0.03 secs] 
Heap after GC invocations=7 (full 1):
 par new generation   total 109248K, used 21824K [0x00000000e0000000, 0x00000000e8000000, 0x00000000e8000000)
  eden space 87424K,   0% used [0x00000000e0000000, 0x00000000e0000000, 0x00000000e5560000)
  from space 21824K, 100% used [0x00000000e6ab0000, 0x00000000e8000000, 0x00000000e8000000)
  to   space 21824K,   0% used [0x00000000e5560000, 0x00000000e5560000, 0x00000000e6ab0000)
 concurrent mark-sweep generation total 393216K, used 1086K [0x00000000e8000000, 0x0000000100000000, 0x0000000100000000)
 Metaspace       used 34823K, capacity 35454K, committed 35728K, reserved 1081344K
  class space    used 3937K, capacity 4152K, committed 4272K, reserved 1048576K
}
2016-10-13T07:50:38.116+0530: 35418.574: Total time for which application threads were stopped: 0.0315115 seconds, Stopping threads took: 0.0000242 seconds
2016-10-13T07:50:38.250+0530: 35418.708: Total time for which application threads were stopped: 0.0002333 seconds, Stopping threads took: 0.0000189 seconds
2016-10-13T07:50:38.455+0530: 35418.913: Total time for which application threads were stopped: 0.0001770 seconds, Stopping threads took: 0.0000238 seconds
2016-10-13T07:50:38.553+0530: 35419.011: Total time for which application threads were stopped: 0.0002124 seconds, Stopping threads took: 0.0000226 seconds
2016-10-13T07:50:38.592+0530: 35419.050: Total time for which application threads were stopped: 0.0001359 seconds, Stopping threads took: 0.0000267 seconds
2016-10-13T07:50:38.724+0530: 35419.182: Total time for which application threads were stopped: 0.0002772 seconds, Stopping threads took: 0.0000669 seconds
2016-10-13T07:50:39.011+0530: 35419.469: Total time for which application threads were stopped: 0.0002125 seconds, Stopping threads took: 0.0000266 seconds
2016-10-13T07:50:39.011+0530: 35419.469: Total time for which application threads were stopped: 0.0001059 seconds, Stopping threads took: 0.0000276 seconds
2016-10-13T07:50:39.011+0530: 35419.469: Total time for which application threads were stopped: 0.0000898 seconds, Stopping threads took: 0.0000215 seconds
2016-10-13T07:50:39.057+0530: 35419.515: Total time for which application threads were stopped: 0.0001200 seconds, Stopping threads took: 0.0000199 seconds
2016-10-13T07:50:39.057+0530: 35419.515: Total time for which application threads were stopped: 0.0000722 seconds, Stopping threads took: 0.0000121 seconds
2016-10-13T07:50:39.067+0530: 35419.525: Total time for which application threads were stopped: 0.0001053 seconds, Stopping threads took: 0.0000189 seconds
2016-10-13T07:50:39.712+0530: 35420.170: Total time for which application threads were stopped: 0.0001318 seconds, Stopping threads took: 0.0000353 seconds
2016-10-13T07:50:40.713+0530: 35421.171: Total time for which application threads were stopped: 0.0001966 seconds, Stopping threads took: 0.0000338 seconds
2016-10-13T08:05:21.827+0530: 36302.285: Total time for which application threads were stopped: 0.0001221 seconds, Stopping threads took: 0.0000391 seconds
2016-10-13T08:05:26.828+0530: 36307.286: Total time for which application threads were stopped: 0.0001544 seconds, Stopping threads took: 0.0000321 seconds
2016-10-13T08:12:24.890+0530: 36725.348: Total time for which application threads were stopped: 0.0001130 seconds, Stopping threads took: 0.0000391 seconds
2016-10-13T08:15:04.913+0530: 36885.371: Total time for which application threads were stopped: 0.0001595 seconds, Stopping threads took: 0.0000514 seconds
2016-10-13T08:39:07.126+0530: 38327.584: Total time for which application threads were stopped: 0.0001149 seconds, Stopping threads took: 0.0000401 seconds
2016-10-13T08:50:21.177+0530: 39001.635: Total time for which application threads were stopped: 0.0514801 seconds, Stopping threads took: 0.0512292 seconds
2016-10-13T08:50:21.177+0530: 39001.635: Total time for which application threads were stopped: 0.0001700 seconds, Stopping threads took: 0.0000315 seconds
2016-10-13T08:50:21.177+0530: 39001.636: Total time for which application threads were stopped: 0.0001324 seconds, Stopping threads took: 0.0000188 seconds
2016-10-13T08:50:21.178+0530: 39001.636: Total time for which application threads were stopped: 0.0001488 seconds, Stopping threads took: 0.0000232 seconds
2016-10-13T08:50:21.178+0530: 39001.636: Total time for which application threads were stopped: 0.0001297 seconds, Stopping threads took: 0.0000185 seconds
2016-10-13T08:50:21.210+0530: 39001.668: Total time for which application threads were stopped: 0.0002546 seconds, Stopping threads took: 0.0000638 seconds
2016-10-13T08:50:21.284+0530: 39001.742: Total time for which application threads were stopped: 0.0003316 seconds, Stopping threads took: 0.0000642 seconds
2016-10-13T08:50:21.292+0530: 39001.750: Total time for which application threads were stopped: 0.0082498 seconds, Stopping threads took: 0.0080116 seconds
2016-10-13T08:50:21.301+0530: 39001.759: Total time for which application threads were stopped: 0.0023662 seconds, Stopping threads took: 0.0000837 seconds
2016-10-13T08:50:21.381+0530: 39001.839: Total time for which application threads were stopped: 0.0003464 seconds, Stopping threads took: 0.0000714 seconds
2016-10-13T08:50:21.390+0530: 39001.848: Total time for which application threads were stopped: 0.0002608 seconds, Stopping threads took: 0.0000672 seconds
2016-10-13T08:50:21.391+0530: 39001.849: Total time for which application threads were stopped: 0.0001936 seconds, Stopping threads took: 0.0000572 seconds
2016-10-13T08:50:21.391+0530: 39001.849: Total time for which application threads were stopped: 0.0001651 seconds, Stopping threads took: 0.0000417 seconds
2016-10-13T08:50:21.391+0530: 39001.849: Total time for which application threads were stopped: 0.0001471 seconds, Stopping threads took: 0.0000388 seconds
2016-10-13T08:50:21.391+0530: 39001.849: Total time for which application threads were stopped: 0.0001519 seconds, Stopping threads took: 0.0000406 seconds
2016-10-13T08:50:21.392+0530: 39001.850: Total time for which application threads were stopped: 0.0001560 seconds, Stopping threads took: 0.0000420 seconds
2016-10-13T08:50:21.392+0530: 39001.850: Total time for which application threads were stopped: 0.0001469 seconds, Stopping threads took: 0.0000398 seconds
2016-10-13T08:50:21.392+0530: 39001.850: Total time for which application threads were stopped: 0.0001547 seconds, Stopping threads took: 0.0000417 seconds
2016-10-13T08:50:21.393+0530: 39001.851: Total time for which application threads were stopped: 0.0001816 seconds, Stopping threads took: 0.0000498 seconds
2016-10-13T08:50:21.393+0530: 39001.851: Total time for which application threads were stopped: 0.0001654 seconds, Stopping threads took: 0.0000452 seconds
2016-10-13T08:50:21.393+0530: 39001.851: Total time for which application threads were stopped: 0.0001536 seconds, Stopping threads took: 0.0000403 seconds
2016-10-13T08:50:21.394+0530: 39001.852: Total time for which application threads were stopped: 0.0001573 seconds, Stopping threads took: 0.0000430 seconds
2016-10-13T08:50:21.398+0530: 39001.857: Total time for which application threads were stopped: 0.0002687 seconds, Stopping threads took: 0.0000719 seconds
2016-10-13T08:50:21.461+0530: 39001.919: Total time for which application threads were stopped: 0.0003236 seconds, Stopping threads took: 0.0000740 seconds
2016-10-13T08:50:21.467+0530: 39001.925: Total time for which application threads were stopped: 0.0001937 seconds, Stopping threads took: 0.0000315 seconds
2016-10-13T08:50:21.468+0530: 39001.926: Total time for which application threads were stopped: 0.0001498 seconds, Stopping threads took: 0.0000469 seconds
2016-10-13T08:50:21.468+0530: 39001.926: Total time for which application threads were stopped: 0.0001403 seconds, Stopping threads took: 0.0000416 seconds
2016-10-13T08:50:21.472+0530: 39001.930: Total time for which application threads were stopped: 0.0042248 seconds, Stopping threads took: 0.0000481 seconds
Heap
 par new generation   total 109248K, used 75289K [0x00000000e0000000, 0x00000000e8000000, 0x00000000e8000000)
  eden space 87424K,  61% used [0x00000000e0000000, 0x00000000e3436420, 0x00000000e5560000)
  from space 21824K, 100% used [0x00000000e6ab0000, 0x00000000e8000000, 0x00000000e8000000)
  to   space 21824K,   0% used [0x00000000e5560000, 0x00000000e5560000, 0x00000000e6ab0000)
 concurrent mark-sweep generation total 393216K, used 1086K [0x00000000e8000000, 0x0000000100000000, 0x0000000100000000)
 Metaspace       used 35363K, capacity 35972K, committed 36240K, reserved 1081344K
  class space    used 3951K, capacity 4153K, committed 4272K, reserved 1048576K
