OpenJDK 64-Bit Server VM (25.91-b14) for linux-amd64 JRE (1.8.0_91-8u91-b14-3ubuntu1~16.04.1-b14), built on Jul 21 2016 04:13:34 by "buildd" with gcc 5.3.1 20160413
Memory: 4k page, physical 8068956k(4529580k free), swap 0k(0k free)
CommandLine flags: -XX:CMSInitiatingOccupancyFraction=50 -XX:CMSMaxAbortablePrecleanTime=6000 -XX:+CMSParallelRemarkEnabled -XX:+CMSScavengeBeforeRemark -XX:ConcGCThreads=4 -XX:InitialHeapSize=536870912 -XX:MaxHeapSize=536870912 -XX:MaxTenuringThreshold=8 -XX:NewRatio=3 -XX:OldPLABSize=16 -XX:OnOutOfMemoryError=/home/ram/solr-6.2.1/bin/oom_solr.sh 8983 /home/ram/solr-6.2.1/server/logs -XX:ParallelGCThreads=4 -XX:+ParallelRefProcEnabled -XX:PretenureSizeThreshold=67108864 -XX:+PrintGC -XX:+PrintGCApplicationStoppedTime -XX:+PrintGCDateStamps -XX:+PrintGCDetails -XX:+PrintGCTimeStamps -XX:+PrintHeapAtGC -XX:+PrintTenuringDistribution -XX:SurvivorRatio=4 -XX:TargetSurvivorRatio=90 -XX:ThreadStackSize=256 -XX:+UseCMSInitiatingOccupancyOnly -XX:+UseCompressedClassPointers -XX:+UseCompressedOops -XX:+UseConcMarkSweepGC -XX:+UseParNewGC 
2016-10-20T07:32:13.942+0530: 0.505: Total time for which application threads were stopped: 0.0000874 seconds, Stopping threads took: 0.0000176 seconds
2016-10-20T07:32:14.260+0530: 0.824: Total time for which application threads were stopped: 0.0001231 seconds, Stopping threads took: 0.0000128 seconds
2016-10-20T07:32:14.391+0530: 0.955: Total time for which application threads were stopped: 0.0002477 seconds, Stopping threads took: 0.0000152 seconds
2016-10-20T07:32:14.847+0530: 1.410: Total time for which application threads were stopped: 0.0001422 seconds, Stopping threads took: 0.0000129 seconds
2016-10-20T07:32:15.270+0530: 1.833: Total time for which application threads were stopped: 0.0001284 seconds, Stopping threads took: 0.0000189 seconds
2016-10-20T07:32:15.324+0530: 1.888: Total time for which application threads were stopped: 0.0001606 seconds, Stopping threads took: 0.0000282 seconds
2016-10-20T07:32:15.392+0530: 1.956: Total time for which application threads were stopped: 0.0001550 seconds, Stopping threads took: 0.0000131 seconds
2016-10-20T07:32:16.195+0530: 2.758: Total time for which application threads were stopped: 0.0002327 seconds, Stopping threads took: 0.0000172 seconds
2016-10-20T07:32:17.114+0530: 3.678: Total time for which application threads were stopped: 0.0002807 seconds, Stopping threads took: 0.0000174 seconds
2016-10-20T07:32:17.292+0530: 3.856: Total time for which application threads were stopped: 0.0002389 seconds, Stopping threads took: 0.0000162 seconds
2016-10-20T07:32:17.294+0530: 3.857: Total time for which application threads were stopped: 0.0001953 seconds, Stopping threads took: 0.0000118 seconds
2016-10-20T07:32:17.309+0530: 3.873: Total time for which application threads were stopped: 0.0002027 seconds, Stopping threads took: 0.0000117 seconds
2016-10-20T07:32:17.408+0530: 3.971: Total time for which application threads were stopped: 0.0002676 seconds, Stopping threads took: 0.0000229 seconds
2016-10-20T07:32:17.484+0530: 4.047: Total time for which application threads were stopped: 0.0001909 seconds, Stopping threads took: 0.0000132 seconds
{Heap before GC invocations=0 (full 0):
 par new generation   total 109248K, used 87424K [0x00000000e0000000, 0x00000000e8000000, 0x00000000e8000000)
  eden space 87424K, 100% used [0x00000000e0000000, 0x00000000e5560000, 0x00000000e5560000)
  from space 21824K,   0% used [0x00000000e5560000, 0x00000000e5560000, 0x00000000e6ab0000)
  to   space 21824K,   0% used [0x00000000e6ab0000, 0x00000000e6ab0000, 0x00000000e8000000)
 concurrent mark-sweep generation total 393216K, used 0K [0x00000000e8000000, 0x0000000100000000, 0x0000000100000000)
 Metaspace       used 16958K, capacity 17248K, committed 17536K, reserved 1064960K
  class space    used 1934K, capacity 2067K, committed 2176K, reserved 1048576K
2016-10-20T07:32:17.716+0530: 4.280: [GC (Allocation Failure) 2016-10-20T07:32:17.716+0530: 4.280: [ParNew
Desired survivor size 20112992 bytes, new threshold 8 (max 8)
- age   1:   10549520 bytes,   10549520 total
: 87424K->10410K(109248K), 0.0111640 secs] 87424K->10410K(502464K), 0.0112490 secs] [Times: user=0.04 sys=0.00, real=0.01 secs] 
Heap after GC invocations=1 (full 0):
 par new generation   total 109248K, used 10410K [0x00000000e0000000, 0x00000000e8000000, 0x00000000e8000000)
  eden space 87424K,   0% used [0x00000000e0000000, 0x00000000e0000000, 0x00000000e5560000)
  from space 21824K,  47% used [0x00000000e6ab0000, 0x00000000e74daa68, 0x00000000e8000000)
  to   space 21824K,   0% used [0x00000000e5560000, 0x00000000e5560000, 0x00000000e6ab0000)
 concurrent mark-sweep generation total 393216K, used 0K [0x00000000e8000000, 0x0000000100000000, 0x0000000100000000)
 Metaspace       used 16958K, capacity 17248K, committed 17536K, reserved 1064960K
  class space    used 1934K, capacity 2067K, committed 2176K, reserved 1048576K
}
2016-10-20T07:32:17.727+0530: 4.291: Total time for which application threads were stopped: 0.0113958 seconds, Stopping threads took: 0.0000189 seconds
2016-10-20T07:32:17.731+0530: 4.295: Total time for which application threads were stopped: 0.0030772 seconds, Stopping threads took: 0.0029856 seconds
2016-10-20T07:32:17.741+0530: 4.305: Total time for which application threads were stopped: 0.0001325 seconds, Stopping threads took: 0.0000227 seconds
2016-10-20T07:32:17.825+0530: 4.389: Total time for which application threads were stopped: 0.0002646 seconds, Stopping threads took: 0.0000256 seconds
2016-10-20T07:32:17.877+0530: 4.440: Total time for which application threads were stopped: 0.0002063 seconds, Stopping threads took: 0.0001452 seconds
2016-10-20T07:32:17.877+0530: 4.440: Total time for which application threads were stopped: 0.0000689 seconds, Stopping threads took: 0.0000323 seconds
2016-10-20T07:32:17.894+0530: 4.458: Total time for which application threads were stopped: 0.0001238 seconds, Stopping threads took: 0.0000206 seconds
2016-10-20T07:32:17.907+0530: 4.471: Total time for which application threads were stopped: 0.0000717 seconds, Stopping threads took: 0.0000288 seconds
2016-10-20T07:32:18.011+0530: 4.575: Total time for which application threads were stopped: 0.0001061 seconds, Stopping threads took: 0.0000193 seconds
2016-10-20T07:32:18.087+0530: 4.651: Total time for which application threads were stopped: 0.0000873 seconds, Stopping threads took: 0.0000400 seconds
2016-10-20T07:32:18.088+0530: 4.651: Total time for which application threads were stopped: 0.0000486 seconds, Stopping threads took: 0.0000103 seconds
2016-10-20T07:32:18.828+0530: 5.391: Total time for which application threads were stopped: 0.0000612 seconds, Stopping threads took: 0.0000132 seconds
2016-10-20T07:32:18.828+0530: 5.391: Total time for which application threads were stopped: 0.0000393 seconds, Stopping threads took: 0.0000163 seconds
2016-10-20T07:32:18.828+0530: 5.392: Total time for which application threads were stopped: 0.0000394 seconds, Stopping threads took: 0.0000170 seconds
2016-10-20T07:32:18.828+0530: 5.392: Total time for which application threads were stopped: 0.0000400 seconds, Stopping threads took: 0.0000177 seconds
2016-10-20T07:32:18.828+0530: 5.392: Total time for which application threads were stopped: 0.0000393 seconds, Stopping threads took: 0.0000170 seconds
2016-10-20T07:32:18.828+0530: 5.392: Total time for which application threads were stopped: 0.0000395 seconds, Stopping threads took: 0.0000170 seconds
2016-10-20T07:32:18.829+0530: 5.392: Total time for which application threads were stopped: 0.0000397 seconds, Stopping threads took: 0.0000172 seconds
2016-10-20T07:32:18.829+0530: 5.392: Total time for which application threads were stopped: 0.0000316 seconds, Stopping threads took: 0.0000046 seconds
2016-10-20T07:32:18.886+0530: 5.450: Total time for which application threads were stopped: 0.0000962 seconds, Stopping threads took: 0.0000240 seconds
2016-10-20T07:32:18.886+0530: 5.450: Total time for which application threads were stopped: 0.0000738 seconds, Stopping threads took: 0.0000256 seconds
2016-10-20T07:32:18.887+0530: 5.450: Total time for which application threads were stopped: 0.0000753 seconds, Stopping threads took: 0.0000322 seconds
2016-10-20T07:32:19.007+0530: 5.570: Total time for which application threads were stopped: 0.0000871 seconds, Stopping threads took: 0.0000205 seconds
2016-10-20T07:32:19.007+0530: 5.570: Total time for which application threads were stopped: 0.0000324 seconds, Stopping threads took: 0.0000096 seconds
2016-10-20T07:32:19.012+0530: 5.576: Total time for which application threads were stopped: 0.0002780 seconds, Stopping threads took: 0.0000226 seconds
2016-10-20T07:32:19.048+0530: 5.612: Total time for which application threads were stopped: 0.0002634 seconds, Stopping threads took: 0.0000191 seconds
2016-10-20T07:32:19.072+0530: 5.636: Total time for which application threads were stopped: 0.0002740 seconds, Stopping threads took: 0.0000213 seconds
2016-10-20T07:32:19.446+0530: 6.010: Total time for which application threads were stopped: 0.0004261 seconds, Stopping threads took: 0.0000638 seconds
2016-10-20T07:32:19.595+0530: 6.159: Total time for which application threads were stopped: 0.0001688 seconds, Stopping threads took: 0.0000275 seconds
2016-10-20T07:32:19.618+0530: 6.182: Total time for which application threads were stopped: 0.0003028 seconds, Stopping threads took: 0.0000751 seconds
{Heap before GC invocations=1 (full 0):
 par new generation   total 109248K, used 97834K [0x00000000e0000000, 0x00000000e8000000, 0x00000000e8000000)
  eden space 87424K, 100% used [0x00000000e0000000, 0x00000000e5560000, 0x00000000e5560000)
  from space 21824K,  47% used [0x00000000e6ab0000, 0x00000000e74daa68, 0x00000000e8000000)
  to   space 21824K,   0% used [0x00000000e5560000, 0x00000000e5560000, 0x00000000e6ab0000)
 concurrent mark-sweep generation total 393216K, used 0K [0x00000000e8000000, 0x0000000100000000, 0x0000000100000000)
 Metaspace       used 21418K, capacity 21752K, committed 21884K, reserved 1069056K
  class space    used 2484K, capacity 2613K, committed 2684K, reserved 1048576K
2016-10-20T07:32:19.643+0530: 6.206: [GC (Allocation Failure) 2016-10-20T07:32:19.643+0530: 6.206: [ParNew
Desired survivor size 20112992 bytes, new threshold 8 (max 8)
- age   1:    5501104 bytes,    5501104 total
- age   2:    5399864 bytes,   10900968 total
: 97834K->15056K(109248K), 0.0183696 secs] 97834K->15056K(502464K), 0.0184385 secs] [Times: user=0.04 sys=0.01, real=0.02 secs] 
Heap after GC invocations=2 (full 0):
 par new generation   total 109248K, used 15056K [0x00000000e0000000, 0x00000000e8000000, 0x00000000e8000000)
  eden space 87424K,   0% used [0x00000000e0000000, 0x00000000e0000000, 0x00000000e5560000)
  from space 21824K,  68% used [0x00000000e5560000, 0x00000000e6414130, 0x00000000e6ab0000)
  to   space 21824K,   0% used [0x00000000e6ab0000, 0x00000000e6ab0000, 0x00000000e8000000)
 concurrent mark-sweep generation total 393216K, used 0K [0x00000000e8000000, 0x0000000100000000, 0x0000000100000000)
 Metaspace       used 21418K, capacity 21752K, committed 21884K, reserved 1069056K
  class space    used 2484K, capacity 2613K, committed 2684K, reserved 1048576K
}
2016-10-20T07:32:19.661+0530: 6.225: Total time for which application threads were stopped: 0.0186095 seconds, Stopping threads took: 0.0000224 seconds
2016-10-20T07:32:19.661+0530: 6.225: [GC (CMS Initial Mark) [1 CMS-initial-mark: 0K(393216K)] 16740K(502464K), 0.0046037 secs] [Times: user=0.01 sys=0.00, real=0.01 secs] 
2016-10-20T07:32:19.666+0530: 6.230: Total time for which application threads were stopped: 0.0047467 seconds, Stopping threads took: 0.0000303 seconds
2016-10-20T07:32:19.666+0530: 6.230: [CMS-concurrent-mark-start]
2016-10-20T07:32:19.667+0530: 6.230: [CMS-concurrent-mark: 0.001/0.001 secs] [Times: user=0.01 sys=0.00, real=0.00 secs] 
2016-10-20T07:32:19.667+0530: 6.231: Total time for which application threads were stopped: 0.0001966 seconds, Stopping threads took: 0.0000777 seconds
2016-10-20T07:32:19.667+0530: 6.231: [CMS-concurrent-preclean-start]
2016-10-20T07:32:19.668+0530: 6.232: Total time for which application threads were stopped: 0.0001629 seconds, Stopping threads took: 0.0000378 seconds
2016-10-20T07:32:19.669+0530: 6.232: [CMS-concurrent-preclean: 0.001/0.002 secs] [Times: user=0.00 sys=0.00, real=0.00 secs] 
2016-10-20T07:32:19.669+0530: 6.233: [GC (CMS Final Remark) [YG occupancy: 16740 K (109248 K)]{Heap before GC invocations=2 (full 1):
 par new generation   total 109248K, used 16740K [0x00000000e0000000, 0x00000000e8000000, 0x00000000e8000000)
  eden space 87424K,   1% used [0x00000000e0000000, 0x00000000e01a5070, 0x00000000e5560000)
  from space 21824K,  68% used [0x00000000e5560000, 0x00000000e6414130, 0x00000000e6ab0000)
  to   space 21824K,   0% used [0x00000000e6ab0000, 0x00000000e6ab0000, 0x00000000e8000000)
 concurrent mark-sweep generation total 393216K, used 0K [0x00000000e8000000, 0x0000000100000000, 0x0000000100000000)
 Metaspace       used 21459K, capacity 21816K, committed 21960K, reserved 1069056K
  class space    used 2486K, capacity 2613K, committed 2684K, reserved 1048576K
2016-10-20T07:32:19.669+0530: 6.233: [GC (CMS Final Remark) 2016-10-20T07:32:19.669+0530: 6.233: [ParNew
Desired survivor size 20112992 bytes, new threshold 8 (max 8)
- age   1:      89448 bytes,      89448 total
- age   2:    2245192 bytes,    2334640 total
- age   3:    5398448 bytes,    7733088 total
: 16740K->9913K(109248K), 0.0084927 secs] 16740K->9913K(502464K), 0.0085351 secs] [Times: user=0.03 sys=0.00, real=0.01 secs] 
Heap after GC invocations=3 (full 1):
 par new generation   total 109248K, used 9913K [0x00000000e0000000, 0x00000000e8000000, 0x00000000e8000000)
  eden space 87424K,   0% used [0x00000000e0000000, 0x00000000e0000000, 0x00000000e5560000)
  from space 21824K,  45% used [0x00000000e6ab0000, 0x00000000e745e6c8, 0x00000000e8000000)
  to   space 21824K,   0% used [0x00000000e5560000, 0x00000000e5560000, 0x00000000e6ab0000)
 concurrent mark-sweep generation total 393216K, used 0K [0x00000000e8000000, 0x0000000100000000, 0x0000000100000000)
 Metaspace       used 21459K, capacity 21816K, committed 21960K, reserved 1069056K
  class space    used 2486K, capacity 2613K, committed 2684K, reserved 1048576K
}
2016-10-20T07:32:19.678+0530: 6.242: [Rescan (parallel) , 0.0058691 secs]2016-10-20T07:32:19.684+0530: 6.247: [weak refs processing, 0.0009094 secs]2016-10-20T07:32:19.685+0530: 6.248: [class unloading, 0.0029246 secs]2016-10-20T07:32:19.688+0530: 6.251: [scrub symbol table, 0.0030102 secs]2016-10-20T07:32:19.691+0530: 6.254: [scrub string table, 0.0004447 secs][1 CMS-remark: 0K(393216K)] 9913K(502464K), 0.0223802 secs] [Times: user=0.06 sys=0.00, real=0.02 secs] 
2016-10-20T07:32:19.692+0530: 6.255: Total time for which application threads were stopped: 0.0227098 seconds, Stopping threads took: 0.0002573 seconds
2016-10-20T07:32:19.692+0530: 6.255: [CMS-concurrent-sweep-start]
2016-10-20T07:32:19.692+0530: 6.255: Total time for which application threads were stopped: 0.0000803 seconds, Stopping threads took: 0.0000277 seconds
2016-10-20T07:32:19.692+0530: 6.256: [CMS-concurrent-sweep: 0.000/0.000 secs] [Times: user=0.00 sys=0.00, real=0.00 secs] 
2016-10-20T07:32:19.693+0530: 6.257: Total time for which application threads were stopped: 0.0013200 seconds, Stopping threads took: 0.0012722 seconds
2016-10-20T07:32:19.693+0530: 6.257: [CMS-concurrent-reset-start]
2016-10-20T07:32:19.694+0530: 6.258: [CMS-concurrent-reset: 0.001/0.001 secs] [Times: user=0.00 sys=0.00, real=0.00 secs] 
2016-10-20T07:32:19.709+0530: 6.273: Total time for which application threads were stopped: 0.0000996 seconds, Stopping threads took: 0.0000228 seconds
2016-10-20T07:32:19.754+0530: 6.318: Total time for which application threads were stopped: 0.0001347 seconds, Stopping threads took: 0.0000263 seconds
{Heap before GC invocations=3 (full 1):
 par new generation   total 109248K, used 97337K [0x00000000e0000000, 0x00000000e8000000, 0x00000000e8000000)
  eden space 87424K, 100% used [0x00000000e0000000, 0x00000000e5560000, 0x00000000e5560000)
  from space 21824K,  45% used [0x00000000e6ab0000, 0x00000000e745e6c8, 0x00000000e8000000)
  to   space 21824K,   0% used [0x00000000e5560000, 0x00000000e5560000, 0x00000000e6ab0000)
 concurrent mark-sweep generation total 393216K, used 0K [0x00000000e8000000, 0x0000000100000000, 0x0000000100000000)
 Metaspace       used 21911K, capacity 22256K, committed 22472K, reserved 1069056K
  class space    used 2543K, capacity 2649K, committed 2684K, reserved 1048576K
2016-10-20T07:32:19.863+0530: 6.426: [GC (Allocation Failure) 2016-10-20T07:32:19.863+0530: 6.426: [ParNew
Desired survivor size 20112992 bytes, new threshold 8 (max 8)
- age   1:     732576 bytes,     732576 total
- age   2:       1544 bytes,     734120 total
- age   3:    2230712 bytes,    2964832 total
- age   4:    5398608 bytes,    8363440 total
: 97337K->10620K(109248K), 0.0090475 secs] 97337K->10620K(502464K), 0.0091223 secs] [Times: user=0.03 sys=0.01, real=0.01 secs] 
Heap after GC invocations=4 (full 1):
 par new generation   total 109248K, used 10620K [0x00000000e0000000, 0x00000000e8000000, 0x00000000e8000000)
  eden space 87424K,   0% used [0x00000000e0000000, 0x00000000e0000000, 0x00000000e5560000)
  from space 21824K,  48% used [0x00000000e5560000, 0x00000000e5fbf1e0, 0x00000000e6ab0000)
  to   space 21824K,   0% used [0x00000000e6ab0000, 0x00000000e6ab0000, 0x00000000e8000000)
 concurrent mark-sweep generation total 393216K, used 0K [0x00000000e8000000, 0x0000000100000000, 0x0000000100000000)
 Metaspace       used 21911K, capacity 22256K, committed 22472K, reserved 1069056K
  class space    used 2543K, capacity 2649K, committed 2684K, reserved 1048576K
}
2016-10-20T07:32:19.872+0530: 6.435: Total time for which application threads were stopped: 0.0092672 seconds, Stopping threads took: 0.0000151 seconds
2016-10-20T07:32:19.979+0530: 6.542: Total time for which application threads were stopped: 0.0000921 seconds, Stopping threads took: 0.0000209 seconds
2016-10-20T07:32:19.984+0530: 6.548: Total time for which application threads were stopped: 0.0002086 seconds, Stopping threads took: 0.0001342 seconds
2016-10-20T07:32:20.010+0530: 6.573: Total time for which application threads were stopped: 0.0000922 seconds, Stopping threads took: 0.0000173 seconds
2016-10-20T07:32:20.010+0530: 6.574: Total time for which application threads were stopped: 0.0000451 seconds, Stopping threads took: 0.0000074 seconds
2016-10-20T07:32:20.118+0530: 6.681: Total time for which application threads were stopped: 0.0003509 seconds, Stopping threads took: 0.0000269 seconds
2016-10-20T07:32:20.123+0530: 6.687: Total time for which application threads were stopped: 0.0000557 seconds, Stopping threads took: 0.0000109 seconds
2016-10-20T07:32:20.324+0530: 6.887: Total time for which application threads were stopped: 0.0001563 seconds, Stopping threads took: 0.0000451 seconds
2016-10-20T07:32:20.369+0530: 6.932: Total time for which application threads were stopped: 0.0001463 seconds, Stopping threads took: 0.0000722 seconds
2016-10-20T07:32:20.452+0530: 7.016: Total time for which application threads were stopped: 0.0003322 seconds, Stopping threads took: 0.0000231 seconds
2016-10-20T07:32:20.465+0530: 7.029: Total time for which application threads were stopped: 0.0000629 seconds, Stopping threads took: 0.0000209 seconds
2016-10-20T07:32:20.471+0530: 7.035: Total time for which application threads were stopped: 0.0003215 seconds, Stopping threads took: 0.0000217 seconds
2016-10-20T07:32:20.531+0530: 7.095: Total time for which application threads were stopped: 0.0044317 seconds, Stopping threads took: 0.0043470 seconds
2016-10-20T07:32:20.534+0530: 7.097: Total time for which application threads were stopped: 0.0020335 seconds, Stopping threads took: 0.0018981 seconds
2016-10-20T07:32:20.535+0530: 7.098: Total time for which application threads were stopped: 0.0001295 seconds, Stopping threads took: 0.0000180 seconds
2016-10-20T07:32:20.780+0530: 7.343: Total time for which application threads were stopped: 0.0001020 seconds, Stopping threads took: 0.0000152 seconds
2016-10-20T07:32:20.800+0530: 7.363: Total time for which application threads were stopped: 0.0002193 seconds, Stopping threads took: 0.0000503 seconds
2016-10-20T07:32:20.926+0530: 7.490: Total time for which application threads were stopped: 0.0001441 seconds, Stopping threads took: 0.0000761 seconds
{Heap before GC invocations=4 (full 1):
 par new generation   total 109248K, used 98044K [0x00000000e0000000, 0x00000000e8000000, 0x00000000e8000000)
  eden space 87424K, 100% used [0x00000000e0000000, 0x00000000e5560000, 0x00000000e5560000)
  from space 21824K,  48% used [0x00000000e5560000, 0x00000000e5fbf1e0, 0x00000000e6ab0000)
  to   space 21824K,   0% used [0x00000000e6ab0000, 0x00000000e6ab0000, 0x00000000e8000000)
 concurrent mark-sweep generation total 393216K, used 0K [0x00000000e8000000, 0x0000000100000000, 0x0000000100000000)
 Metaspace       used 26131K, capacity 26540K, committed 26748K, reserved 1073152K
  class space    used 3047K, capacity 3183K, committed 3196K, reserved 1048576K
2016-10-20T07:32:20.929+0530: 7.492: [GC (Allocation Failure) 2016-10-20T07:32:20.929+0530: 7.492: [ParNew
Desired survivor size 20112992 bytes, new threshold 8 (max 8)
- age   1:    5138400 bytes,    5138400 total
- age   2:     160264 bytes,    5298664 total
- age   3:       1512 bytes,    5300176 total
- age   4:    1620776 bytes,    6920952 total
- age   5:    5392864 bytes,   12313816 total
: 98044K->15467K(109248K), 0.0162950 secs] 98044K->15467K(502464K), 0.0163481 secs] [Times: user=0.05 sys=0.00, real=0.02 secs] 
Heap after GC invocations=5 (full 1):
 par new generation   total 109248K, used 15467K [0x00000000e0000000, 0x00000000e8000000, 0x00000000e8000000)
  eden space 87424K,   0% used [0x00000000e0000000, 0x00000000e0000000, 0x00000000e5560000)
  from space 21824K,  70% used [0x00000000e6ab0000, 0x00000000e79caf40, 0x00000000e8000000)
  to   space 21824K,   0% used [0x00000000e5560000, 0x00000000e5560000, 0x00000000e6ab0000)
 concurrent mark-sweep generation total 393216K, used 0K [0x00000000e8000000, 0x0000000100000000, 0x0000000100000000)
 Metaspace       used 26131K, capacity 26540K, committed 26748K, reserved 1073152K
  class space    used 3047K, capacity 3183K, committed 3196K, reserved 1048576K
}
2016-10-20T07:32:20.945+0530: 7.509: Total time for which application threads were stopped: 0.0165463 seconds, Stopping threads took: 0.0000240 seconds
2016-10-20T07:32:20.949+0530: 7.512: Total time for which application threads were stopped: 0.0003237 seconds, Stopping threads took: 0.0002299 seconds
2016-10-20T07:32:20.964+0530: 7.527: Total time for which application threads were stopped: 0.0000787 seconds, Stopping threads took: 0.0000216 seconds
2016-10-20T07:32:20.968+0530: 7.531: Total time for which application threads were stopped: 0.0001069 seconds, Stopping threads took: 0.0000375 seconds
2016-10-20T07:32:20.968+0530: 7.531: Total time for which application threads were stopped: 0.0000528 seconds, Stopping threads took: 0.0000182 seconds
2016-10-20T07:32:20.971+0530: 7.534: Total time for which application threads were stopped: 0.0000768 seconds, Stopping threads took: 0.0000221 seconds
2016-10-20T07:32:21.033+0530: 7.597: Total time for which application threads were stopped: 0.0001519 seconds, Stopping threads took: 0.0000380 seconds
2016-10-20T07:32:21.281+0530: 7.845: Total time for which application threads were stopped: 0.0004486 seconds, Stopping threads took: 0.0000237 seconds
2016-10-20T07:32:21.489+0530: 8.052: Total time for which application threads were stopped: 0.0001525 seconds, Stopping threads took: 0.0000642 seconds
2016-10-20T07:32:21.489+0530: 8.053: Total time for which application threads were stopped: 0.0000796 seconds, Stopping threads took: 0.0000360 seconds
2016-10-20T07:32:21.489+0530: 8.053: Total time for which application threads were stopped: 0.0000505 seconds, Stopping threads took: 0.0000099 seconds
2016-10-20T07:32:21.489+0530: 8.053: Total time for which application threads were stopped: 0.0000437 seconds, Stopping threads took: 0.0000083 seconds
2016-10-20T07:32:21.513+0530: 8.077: Total time for which application threads were stopped: 0.0001311 seconds, Stopping threads took: 0.0000570 seconds
2016-10-20T07:33:03.015+0530: 49.579: Total time for which application threads were stopped: 0.0001115 seconds, Stopping threads took: 0.0000434 seconds
2016-10-20T07:33:03.028+0530: 49.592: Total time for which application threads were stopped: 0.0000698 seconds, Stopping threads took: 0.0000144 seconds
2016-10-20T07:33:03.028+0530: 49.592: Total time for which application threads were stopped: 0.0000424 seconds, Stopping threads took: 0.0000087 seconds
2016-10-20T07:33:03.030+0530: 49.593: Total time for which application threads were stopped: 0.0001541 seconds, Stopping threads took: 0.0000499 seconds
2016-10-20T07:33:03.030+0530: 49.593: Total time for which application threads were stopped: 0.0001129 seconds, Stopping threads took: 0.0000409 seconds
2016-10-20T07:33:03.030+0530: 49.594: Total time for which application threads were stopped: 0.0000676 seconds, Stopping threads took: 0.0000108 seconds
2016-10-20T07:33:03.030+0530: 49.594: Total time for which application threads were stopped: 0.0000744 seconds, Stopping threads took: 0.0000231 seconds
2016-10-20T07:33:03.030+0530: 49.594: Total time for which application threads were stopped: 0.0000673 seconds, Stopping threads took: 0.0000104 seconds
2016-10-20T07:33:03.034+0530: 49.597: Total time for which application threads were stopped: 0.0000713 seconds, Stopping threads took: 0.0000160 seconds
2016-10-20T07:33:03.034+0530: 49.597: Total time for which application threads were stopped: 0.0000661 seconds, Stopping threads took: 0.0000093 seconds
2016-10-20T07:33:03.034+0530: 49.597: Total time for which application threads were stopped: 0.0000364 seconds, Stopping threads took: 0.0000079 seconds
2016-10-20T07:33:03.034+0530: 49.597: Total time for which application threads were stopped: 0.0000302 seconds, Stopping threads took: 0.0000065 seconds
2016-10-20T07:33:03.034+0530: 49.598: Total time for which application threads were stopped: 0.0000319 seconds, Stopping threads took: 0.0000090 seconds
2016-10-20T07:33:03.034+0530: 49.598: Total time for which application threads were stopped: 0.0000294 seconds, Stopping threads took: 0.0000076 seconds
2016-10-20T07:33:03.034+0530: 49.598: Total time for which application threads were stopped: 0.0000266 seconds, Stopping threads took: 0.0000076 seconds
2016-10-20T07:33:03.034+0530: 49.598: Total time for which application threads were stopped: 0.0000257 seconds, Stopping threads took: 0.0000067 seconds
2016-10-20T07:33:03.034+0530: 49.598: Total time for which application threads were stopped: 0.0000256 seconds, Stopping threads took: 0.0000067 seconds
2016-10-20T07:33:03.034+0530: 49.598: Total time for which application threads were stopped: 0.0000249 seconds, Stopping threads took: 0.0000066 seconds
2016-10-20T07:33:03.034+0530: 49.598: Total time for which application threads were stopped: 0.0000244 seconds, Stopping threads took: 0.0000066 seconds
2016-10-20T07:33:03.034+0530: 49.598: Total time for which application threads were stopped: 0.0000245 seconds, Stopping threads took: 0.0000063 seconds
2016-10-20T07:33:03.034+0530: 49.598: Total time for which application threads were stopped: 0.0000243 seconds, Stopping threads took: 0.0000063 seconds
2016-10-20T07:33:03.034+0530: 49.598: Total time for which application threads were stopped: 0.0000242 seconds, Stopping threads took: 0.0000066 seconds
2016-10-20T07:33:03.034+0530: 49.598: Total time for which application threads were stopped: 0.0000242 seconds, Stopping threads took: 0.0000065 seconds
2016-10-20T07:33:03.034+0530: 49.598: Total time for which application threads were stopped: 0.0000240 seconds, Stopping threads took: 0.0000063 seconds
2016-10-20T07:33:03.034+0530: 49.598: Total time for which application threads were stopped: 0.0000238 seconds, Stopping threads took: 0.0000062 seconds
2016-10-20T07:33:03.034+0530: 49.598: Total time for which application threads were stopped: 0.0000239 seconds, Stopping threads took: 0.0000064 seconds
2016-10-20T07:33:03.035+0530: 49.598: Total time for which application threads were stopped: 0.0000889 seconds, Stopping threads took: 0.0000062 seconds
2016-10-20T07:33:03.036+0530: 49.600: Total time for which application threads were stopped: 0.0000394 seconds, Stopping threads took: 0.0000111 seconds
2016-10-20T07:33:03.063+0530: 49.627: Total time for which application threads were stopped: 0.0000830 seconds, Stopping threads took: 0.0000211 seconds
2016-10-20T07:33:03.064+0530: 49.627: Total time for which application threads were stopped: 0.0000515 seconds, Stopping threads took: 0.0000100 seconds
2016-10-20T07:33:03.064+0530: 49.627: Total time for which application threads were stopped: 0.0000476 seconds, Stopping threads took: 0.0000088 seconds
2016-10-20T07:33:03.070+0530: 49.634: Total time for which application threads were stopped: 0.0004065 seconds, Stopping threads took: 0.0000199 seconds
2016-10-20T07:33:03.081+0530: 49.644: Total time for which application threads were stopped: 0.0001629 seconds, Stopping threads took: 0.0000578 seconds
2016-10-20T07:33:03.081+0530: 49.644: Total time for which application threads were stopped: 0.0000309 seconds, Stopping threads took: 0.0000066 seconds
2016-10-20T07:33:03.081+0530: 49.645: Total time for which application threads were stopped: 0.0000979 seconds, Stopping threads took: 0.0000059 seconds
2016-10-20T07:33:03.093+0530: 49.657: Total time for which application threads were stopped: 0.0000900 seconds, Stopping threads took: 0.0000270 seconds
2016-10-20T07:33:03.093+0530: 49.657: Total time for which application threads were stopped: 0.0001153 seconds, Stopping threads took: 0.0000308 seconds
2016-10-20T07:33:03.100+0530: 49.664: Total time for which application threads were stopped: 0.0001169 seconds, Stopping threads took: 0.0000354 seconds
2016-10-20T07:33:03.100+0530: 49.664: Total time for which application threads were stopped: 0.0000611 seconds, Stopping threads took: 0.0000207 seconds
2016-10-20T07:33:03.104+0530: 49.668: Total time for which application threads were stopped: 0.0001510 seconds, Stopping threads took: 0.0000408 seconds
2016-10-20T07:33:03.106+0530: 49.669: Total time for which application threads were stopped: 0.0001180 seconds, Stopping threads took: 0.0000216 seconds
2016-10-20T07:33:03.106+0530: 49.669: Total time for which application threads were stopped: 0.0000597 seconds, Stopping threads took: 0.0000106 seconds
2016-10-20T07:33:03.141+0530: 49.705: Total time for which application threads were stopped: 0.0001151 seconds, Stopping threads took: 0.0000232 seconds
2016-10-20T07:33:03.142+0530: 49.706: Total time for which application threads were stopped: 0.0001049 seconds, Stopping threads took: 0.0000218 seconds
2016-10-20T07:33:03.145+0530: 49.709: Total time for which application threads were stopped: 0.0000761 seconds, Stopping threads took: 0.0000176 seconds
2016-10-20T07:33:03.173+0530: 49.736: Total time for which application threads were stopped: 0.0000900 seconds, Stopping threads took: 0.0000200 seconds
2016-10-20T07:33:03.233+0530: 49.797: Total time for which application threads were stopped: 0.0000805 seconds, Stopping threads took: 0.0000219 seconds
2016-10-20T07:33:03.234+0530: 49.798: Total time for which application threads were stopped: 0.0000449 seconds, Stopping threads took: 0.0000162 seconds
2016-10-20T07:33:12.636+0530: 59.200: Total time for which application threads were stopped: 0.0000963 seconds, Stopping threads took: 0.0000247 seconds
2016-10-20T07:33:12.638+0530: 59.201: Total time for which application threads were stopped: 0.0001130 seconds, Stopping threads took: 0.0000401 seconds
2016-10-20T07:33:12.638+0530: 59.202: Total time for which application threads were stopped: 0.0001296 seconds, Stopping threads took: 0.0000285 seconds
2016-10-20T07:33:12.639+0530: 59.203: Total time for which application threads were stopped: 0.0001803 seconds, Stopping threads took: 0.0000424 seconds
2016-10-20T07:33:12.640+0530: 59.204: Total time for which application threads were stopped: 0.0001860 seconds, Stopping threads took: 0.0000740 seconds
2016-10-20T07:33:12.641+0530: 59.204: Total time for which application threads were stopped: 0.0000856 seconds, Stopping threads took: 0.0000158 seconds
2016-10-20T07:33:12.641+0530: 59.204: Total time for which application threads were stopped: 0.0001544 seconds, Stopping threads took: 0.0000986 seconds
2016-10-20T07:33:12.644+0530: 59.208: Total time for which application threads were stopped: 0.0003808 seconds, Stopping threads took: 0.0002972 seconds
2016-10-20T07:33:16.649+0530: 63.213: Total time for which application threads were stopped: 0.0001064 seconds, Stopping threads took: 0.0000247 seconds
2016-10-20T07:33:45.653+0530: 92.216: Total time for which application threads were stopped: 0.0000771 seconds, Stopping threads took: 0.0000198 seconds
2016-10-20T07:33:53.037+0530: 99.600: Total time for which application threads were stopped: 0.0001505 seconds, Stopping threads took: 0.0000275 seconds
2016-10-20T07:33:53.037+0530: 99.600: Total time for which application threads were stopped: 0.0000925 seconds, Stopping threads took: 0.0000171 seconds
2016-10-20T07:33:56.037+0530: 102.601: Total time for which application threads were stopped: 0.0000910 seconds, Stopping threads took: 0.0000291 seconds
2016-10-20T07:34:02.734+0530: 109.298: Total time for which application threads were stopped: 0.0001343 seconds, Stopping threads took: 0.0000469 seconds
2016-10-20T07:34:02.734+0530: 109.298: Total time for which application threads were stopped: 0.0000650 seconds, Stopping threads took: 0.0000195 seconds
2016-10-20T07:34:02.851+0530: 109.415: Total time for which application threads were stopped: 0.0003062 seconds, Stopping threads took: 0.0000923 seconds
2016-10-20T07:34:03.851+0530: 110.415: Total time for which application threads were stopped: 0.0001069 seconds, Stopping threads took: 0.0000270 seconds
2016-10-20T07:35:12.859+0530: 179.423: Total time for which application threads were stopped: 0.0000935 seconds, Stopping threads took: 0.0000227 seconds
2016-10-20T07:35:15.860+0530: 182.423: Total time for which application threads were stopped: 0.0000934 seconds, Stopping threads took: 0.0000212 seconds
2016-10-20T07:35:42.855+0530: 209.419: Total time for which application threads were stopped: 0.0001007 seconds, Stopping threads took: 0.0000173 seconds
2016-10-20T07:35:42.856+0530: 209.419: Total time for which application threads were stopped: 0.0000516 seconds, Stopping threads took: 0.0000096 seconds
2016-10-20T07:54:38.009+0530: 1344.573: Total time for which application threads were stopped: 0.0001925 seconds, Stopping threads took: 0.0000635 seconds
2016-10-20T08:01:03.062+0530: 1729.626: Total time for which application threads were stopped: 0.0001061 seconds, Stopping threads took: 0.0000342 seconds
2016-10-20T08:08:51.125+0530: 2197.689: Total time for which application threads were stopped: 0.0001465 seconds, Stopping threads took: 0.0000486 seconds
2016-10-20T08:08:53.125+0530: 2199.689: Total time for which application threads were stopped: 0.0001551 seconds, Stopping threads took: 0.0000320 seconds
2016-10-20T08:25:33.260+0530: 3199.824: Total time for which application threads were stopped: 0.0003129 seconds, Stopping threads took: 0.0001070 seconds
2016-10-20T08:35:17.331+0530: 3783.894: Total time for which application threads were stopped: 0.0001699 seconds, Stopping threads took: 0.0000550 seconds
2016-10-20T08:35:46.335+0530: 3812.899: Total time for which application threads were stopped: 0.0001035 seconds, Stopping threads took: 0.0000336 seconds
2016-10-20T09:07:23.594+0530: 5710.158: Total time for which application threads were stopped: 0.0001062 seconds, Stopping threads took: 0.0000352 seconds
2016-10-20T09:07:48.598+0530: 5735.161: Total time for which application threads were stopped: 0.0001676 seconds, Stopping threads took: 0.0000562 seconds
2016-10-20T09:11:58.633+0530: 5985.196: Total time for which application threads were stopped: 0.0001060 seconds, Stopping threads took: 0.0000367 seconds
2016-10-20T09:34:46.816+0530: 7353.379: Total time for which application threads were stopped: 0.0001388 seconds, Stopping threads took: 0.0000481 seconds
2016-10-20T09:35:16.819+0530: 7383.383: Total time for which application threads were stopped: 0.0001549 seconds, Stopping threads took: 0.0000537 seconds
2016-10-20T09:36:16.828+0530: 7443.392: Total time for which application threads were stopped: 0.0001884 seconds, Stopping threads took: 0.0000606 seconds
2016-10-20T09:38:16.846+0530: 7563.410: Total time for which application threads were stopped: 0.0002202 seconds, Stopping threads took: 0.0000624 seconds
2016-10-20T09:40:46.868+0530: 7713.431: Total time for which application threads were stopped: 0.0001878 seconds, Stopping threads took: 0.0000621 seconds
2016-10-20T10:07:43.892+0530: 9330.456: Total time for which application threads were stopped: 0.0001101 seconds, Stopping threads took: 0.0000285 seconds
2016-10-20T10:07:43.892+0530: 9330.456: Total time for which application threads were stopped: 0.0000463 seconds, Stopping threads took: 0.0000074 seconds
2016-10-20T10:07:43.893+0530: 9330.456: Total time for which application threads were stopped: 0.0000817 seconds, Stopping threads took: 0.0000282 seconds
2016-10-20T10:07:43.893+0530: 9330.456: Total time for which application threads were stopped: 0.0000643 seconds, Stopping threads took: 0.0000230 seconds
2016-10-20T10:07:43.893+0530: 9330.457: Total time for which application threads were stopped: 0.0000713 seconds, Stopping threads took: 0.0000275 seconds
2016-10-20T10:07:43.893+0530: 9330.457: Total time for which application threads were stopped: 0.0001026 seconds, Stopping threads took: 0.0000234 seconds
2016-10-20T10:07:43.893+0530: 9330.457: Total time for which application threads were stopped: 0.0000598 seconds, Stopping threads took: 0.0000223 seconds
2016-10-20T10:07:43.893+0530: 9330.457: Total time for which application threads were stopped: 0.0000411 seconds, Stopping threads took: 0.0000060 seconds
2016-10-20T10:07:44.893+0530: 9331.457: Total time for which application threads were stopped: 0.0000772 seconds, Stopping threads took: 0.0000163 seconds
2016-10-20T10:08:33.899+0530: 9380.463: Total time for which application threads were stopped: 0.0001124 seconds, Stopping threads took: 0.0000401 seconds
2016-10-20T10:09:02.983+0530: 9409.547: Total time for which application threads were stopped: 0.0001426 seconds, Stopping threads took: 0.0000422 seconds
2016-10-20T10:09:02.984+0530: 9409.547: Total time for which application threads were stopped: 0.0004140 seconds, Stopping threads took: 0.0003569 seconds
2016-10-20T10:09:02.984+0530: 9409.548: Total time for which application threads were stopped: 0.0000722 seconds, Stopping threads took: 0.0000122 seconds
2016-10-20T10:09:03.984+0530: 9410.548: Total time for which application threads were stopped: 0.0000901 seconds, Stopping threads took: 0.0000200 seconds
2016-10-20T10:09:08.201+0530: 9414.765: Total time for which application threads were stopped: 0.0000743 seconds, Stopping threads took: 0.0000142 seconds
2016-10-20T10:09:08.201+0530: 9414.765: Total time for which application threads were stopped: 0.0000503 seconds, Stopping threads took: 0.0000190 seconds
2016-10-20T10:09:09.202+0530: 9415.765: Total time for which application threads were stopped: 0.0001715 seconds, Stopping threads took: 0.0000345 seconds
2016-10-20T10:09:13.449+0530: 9420.013: Total time for which application threads were stopped: 0.0001083 seconds, Stopping threads took: 0.0000233 seconds
2016-10-20T10:09:13.450+0530: 9420.013: Total time for which application threads were stopped: 0.0001536 seconds, Stopping threads took: 0.0000658 seconds
2016-10-20T10:09:13.450+0530: 9420.014: Total time for which application threads were stopped: 0.0002777 seconds, Stopping threads took: 0.0001078 seconds
2016-10-20T10:09:13.451+0530: 9420.014: Total time for which application threads were stopped: 0.0001248 seconds, Stopping threads took: 0.0000769 seconds
2016-10-20T10:09:14.451+0530: 9421.014: Total time for which application threads were stopped: 0.0000916 seconds, Stopping threads took: 0.0000198 seconds
2016-10-20T10:09:20.596+0530: 9427.159: Total time for which application threads were stopped: 0.0001143 seconds, Stopping threads took: 0.0000469 seconds
2016-10-20T10:09:20.596+0530: 9427.159: Total time for which application threads were stopped: 0.0000438 seconds, Stopping threads took: 0.0000101 seconds
2016-10-20T10:09:20.596+0530: 9427.160: Total time for which application threads were stopped: 0.0000611 seconds, Stopping threads took: 0.0000231 seconds
2016-10-20T10:09:20.596+0530: 9427.160: Total time for which application threads were stopped: 0.0000469 seconds, Stopping threads took: 0.0000080 seconds
2016-10-20T10:09:21.596+0530: 9428.160: Total time for which application threads were stopped: 0.0002457 seconds, Stopping threads took: 0.0000470 seconds
2016-10-20T10:09:33.772+0530: 9440.336: Total time for which application threads were stopped: 0.0001216 seconds, Stopping threads took: 0.0000509 seconds
2016-10-20T10:09:33.772+0530: 9440.336: Total time for which application threads were stopped: 0.0001110 seconds, Stopping threads took: 0.0000657 seconds
2016-10-20T10:10:17.282+0530: 9483.846: Total time for which application threads were stopped: 0.0001096 seconds, Stopping threads took: 0.0000348 seconds
2016-10-20T10:10:17.283+0530: 9483.846: Total time for which application threads were stopped: 0.0000563 seconds, Stopping threads took: 0.0000213 seconds
2016-10-20T10:10:28.160+0530: 9494.724: Total time for which application threads were stopped: 0.0002257 seconds, Stopping threads took: 0.0000755 seconds
2016-10-20T10:10:28.161+0530: 9494.725: Total time for which application threads were stopped: 0.0001932 seconds, Stopping threads took: 0.0000652 seconds
2016-10-20T10:10:28.163+0530: 9494.727: Total time for which application threads were stopped: 0.0021809 seconds, Stopping threads took: 0.0019678 seconds
2016-10-20T10:10:28.164+0530: 9494.727: Total time for which application threads were stopped: 0.0001344 seconds, Stopping threads took: 0.0000440 seconds
2016-10-20T10:10:28.164+0530: 9494.728: Total time for which application threads were stopped: 0.0001230 seconds, Stopping threads took: 0.0000546 seconds
2016-10-20T10:10:28.578+0530: 9495.142: Total time for which application threads were stopped: 0.0000999 seconds, Stopping threads took: 0.0000170 seconds
2016-10-20T10:10:28.579+0530: 9495.142: Total time for which application threads were stopped: 0.0000892 seconds, Stopping threads took: 0.0000334 seconds
2016-10-20T10:11:03.292+0530: 9529.856: Total time for which application threads were stopped: 0.0001153 seconds, Stopping threads took: 0.0000387 seconds
2016-10-20T10:11:03.293+0530: 9529.856: Total time for which application threads were stopped: 0.0000517 seconds, Stopping threads took: 0.0000098 seconds
2016-10-20T10:11:13.340+0530: 9539.904: Total time for which application threads were stopped: 0.0001089 seconds, Stopping threads took: 0.0000195 seconds
2016-10-20T10:11:13.346+0530: 9539.909: Total time for which application threads were stopped: 0.0001184 seconds, Stopping threads took: 0.0000362 seconds
2016-10-20T10:11:57.351+0530: 9583.915: Total time for which application threads were stopped: 0.0002338 seconds, Stopping threads took: 0.0000715 seconds
2016-10-20T10:12:35.356+0530: 9621.919: Total time for which application threads were stopped: 0.0001420 seconds, Stopping threads took: 0.0000467 seconds
2016-10-20T10:13:34.362+0530: 9680.926: Total time for which application threads were stopped: 0.0001104 seconds, Stopping threads took: 0.0000370 seconds
2016-10-20T10:13:38.363+0530: 9684.927: Total time for which application threads were stopped: 0.0002116 seconds, Stopping threads took: 0.0000451 seconds
2016-10-20T10:15:22.500+0530: 9789.063: Total time for which application threads were stopped: 0.0002519 seconds, Stopping threads took: 0.0000744 seconds
2016-10-20T10:34:53.425+0530: 10959.989: Total time for which application threads were stopped: 0.0001145 seconds, Stopping threads took: 0.0000312 seconds
2016-10-20T10:34:53.426+0530: 10959.989: Total time for which application threads were stopped: 0.0000994 seconds, Stopping threads took: 0.0000373 seconds
2016-10-20T10:34:54.426+0530: 10960.990: Total time for which application threads were stopped: 0.0001192 seconds, Stopping threads took: 0.0000254 seconds
2016-10-20T10:35:03.525+0530: 10970.089: Total time for which application threads were stopped: 0.0001140 seconds, Stopping threads took: 0.0000294 seconds
2016-10-20T10:35:03.528+0530: 10970.091: Total time for which application threads were stopped: 0.0001936 seconds, Stopping threads took: 0.0000191 seconds
2016-10-20T10:35:53.534+0530: 11020.098: Total time for which application threads were stopped: 0.0001781 seconds, Stopping threads took: 0.0000606 seconds
2016-10-20T10:36:21.619+0530: 11048.182: Total time for which application threads were stopped: 0.0001536 seconds, Stopping threads took: 0.0000902 seconds
2016-10-20T10:36:21.619+0530: 11048.183: Total time for which application threads were stopped: 0.0000941 seconds, Stopping threads took: 0.0000362 seconds
2016-10-20T10:36:21.619+0530: 11048.183: Total time for which application threads were stopped: 0.0000742 seconds, Stopping threads took: 0.0000373 seconds
2016-10-20T10:36:21.620+0530: 11048.183: Total time for which application threads were stopped: 0.0000486 seconds, Stopping threads took: 0.0000126 seconds
2016-10-20T10:36:21.620+0530: 11048.183: Total time for which application threads were stopped: 0.0000444 seconds, Stopping threads took: 0.0000164 seconds
2016-10-20T10:36:21.620+0530: 11048.183: Total time for which application threads were stopped: 0.0000744 seconds, Stopping threads took: 0.0000220 seconds
2016-10-20T10:36:21.620+0530: 11048.184: Total time for which application threads were stopped: 0.0000664 seconds, Stopping threads took: 0.0000165 seconds
2016-10-20T10:36:27.254+0530: 11053.818: Total time for which application threads were stopped: 0.0000924 seconds, Stopping threads took: 0.0000168 seconds
2016-10-20T10:36:27.254+0530: 11053.818: Total time for which application threads were stopped: 0.0000519 seconds, Stopping threads took: 0.0000082 seconds
2016-10-20T10:36:27.421+0530: 11053.984: Total time for which application threads were stopped: 0.0002585 seconds, Stopping threads took: 0.0000780 seconds
2016-10-20T10:36:27.423+0530: 11053.987: Total time for which application threads were stopped: 0.0001561 seconds, Stopping threads took: 0.0000441 seconds
2016-10-20T10:36:28.424+0530: 11054.987: Total time for which application threads were stopped: 0.0002040 seconds, Stopping threads took: 0.0000429 seconds
2016-10-20T10:37:02.858+0530: 11089.422: Total time for which application threads were stopped: 0.0002012 seconds, Stopping threads took: 0.0000890 seconds
2016-10-20T10:37:02.859+0530: 11089.422: Total time for which application threads were stopped: 0.0000904 seconds, Stopping threads took: 0.0000193 seconds
2016-10-20T10:37:02.859+0530: 11089.423: Total time for which application threads were stopped: 0.0001012 seconds, Stopping threads took: 0.0000360 seconds
2016-10-20T10:37:02.862+0530: 11089.425: Total time for which application threads were stopped: 0.0023743 seconds, Stopping threads took: 0.0022790 seconds
2016-10-20T10:37:02.862+0530: 11089.426: Total time for which application threads were stopped: 0.0000816 seconds, Stopping threads took: 0.0000192 seconds
2016-10-20T10:37:02.862+0530: 11089.426: Total time for which application threads were stopped: 0.0000778 seconds, Stopping threads took: 0.0000244 seconds
2016-10-20T10:37:02.863+0530: 11089.426: Total time for which application threads were stopped: 0.0001467 seconds, Stopping threads took: 0.0000238 seconds
2016-10-20T10:37:09.864+0530: 11096.427: Total time for which application threads were stopped: 0.0001160 seconds, Stopping threads took: 0.0000275 seconds
2016-10-20T10:37:52.863+0530: 11139.427: Total time for which application threads were stopped: 0.0002023 seconds, Stopping threads took: 0.0000641 seconds
2016-10-20T10:37:52.864+0530: 11139.427: Total time for which application threads were stopped: 0.0001516 seconds, Stopping threads took: 0.0000414 seconds
2016-10-20T10:37:52.864+0530: 11139.428: Total time for which application threads were stopped: 0.0000991 seconds, Stopping threads took: 0.0000176 seconds
2016-10-20T10:38:28.679+0530: 11175.242: Total time for which application threads were stopped: 0.0001112 seconds, Stopping threads took: 0.0000337 seconds
2016-10-20T10:38:28.679+0530: 11175.243: Total time for which application threads were stopped: 0.0000519 seconds, Stopping threads took: 0.0000081 seconds
2016-10-20T10:38:29.679+0530: 11176.243: Total time for which application threads were stopped: 0.0000929 seconds, Stopping threads took: 0.0000186 seconds
2016-10-20T10:38:34.680+0530: 11181.243: Total time for which application threads were stopped: 0.0001083 seconds, Stopping threads took: 0.0000171 seconds
2016-10-20T10:39:05.416+0530: 11211.980: Total time for which application threads were stopped: 0.0002793 seconds, Stopping threads took: 0.0000731 seconds
2016-10-20T10:39:05.420+0530: 11211.983: Total time for which application threads were stopped: 0.0001358 seconds, Stopping threads took: 0.0000453 seconds
2016-10-20T10:39:57.566+0530: 11264.129: Total time for which application threads were stopped: 0.0002524 seconds, Stopping threads took: 0.0000671 seconds
2016-10-20T10:39:58.008+0530: 11264.572: Total time for which application threads were stopped: 0.0000878 seconds, Stopping threads took: 0.0000147 seconds
2016-10-20T10:39:58.008+0530: 11264.572: Total time for which application threads were stopped: 0.0000585 seconds, Stopping threads took: 0.0000206 seconds
2016-10-20T10:39:59.009+0530: 11265.572: Total time for which application threads were stopped: 0.0000917 seconds, Stopping threads took: 0.0000191 seconds
2016-10-20T10:40:00.771+0530: 11267.335: Total time for which application threads were stopped: 0.0001362 seconds, Stopping threads took: 0.0000544 seconds
2016-10-20T10:40:00.774+0530: 11267.338: Total time for which application threads were stopped: 0.0001299 seconds, Stopping threads took: 0.0000408 seconds
2016-10-20T10:40:19.777+0530: 11286.340: Total time for which application threads were stopped: 0.0001175 seconds, Stopping threads took: 0.0000421 seconds
2016-10-20T10:41:09.326+0530: 11335.890: Total time for which application threads were stopped: 0.0001158 seconds, Stopping threads took: 0.0000371 seconds
2016-10-20T10:42:32.384+0530: 11418.947: Total time for which application threads were stopped: 0.0002829 seconds, Stopping threads took: 0.0001322 seconds
2016-10-20T10:42:32.384+0530: 11418.948: Total time for which application threads were stopped: 0.0002109 seconds, Stopping threads took: 0.0001017 seconds
2016-10-20T10:42:33.384+0530: 11419.948: Total time for which application threads were stopped: 0.0001036 seconds, Stopping threads took: 0.0000226 seconds
2016-10-20T10:44:12.389+0530: 11518.953: Total time for which application threads were stopped: 0.0001948 seconds, Stopping threads took: 0.0000617 seconds
2016-10-20T10:47:01.686+0530: 11688.250: Total time for which application threads were stopped: 0.0001093 seconds, Stopping threads took: 0.0000306 seconds
2016-10-20T10:47:01.687+0530: 11688.250: Total time for which application threads were stopped: 0.0000813 seconds, Stopping threads took: 0.0000302 seconds
2016-10-20T10:47:02.687+0530: 11689.250: Total time for which application threads were stopped: 0.0000940 seconds, Stopping threads took: 0.0000186 seconds
2016-10-20T10:48:11.266+0530: 11757.829: Total time for which application threads were stopped: 0.0000965 seconds, Stopping threads took: 0.0000349 seconds
2016-10-20T10:48:11.266+0530: 11757.830: Total time for which application threads were stopped: 0.0001277 seconds, Stopping threads took: 0.0000084 seconds
2016-10-20T10:48:11.266+0530: 11757.830: Total time for which application threads were stopped: 0.0000490 seconds, Stopping threads took: 0.0000078 seconds
2016-10-20T10:50:02.637+0530: 11869.201: Total time for which application threads were stopped: 0.0001082 seconds, Stopping threads took: 0.0000306 seconds
2016-10-20T10:50:02.637+0530: 11869.201: Total time for which application threads were stopped: 0.0000489 seconds, Stopping threads took: 0.0000073 seconds
2016-10-20T10:50:03.637+0530: 11870.201: Total time for which application threads were stopped: 0.0001671 seconds, Stopping threads took: 0.0000304 seconds
2016-10-20T10:50:55.954+0530: 11922.518: Total time for which application threads were stopped: 0.0001253 seconds, Stopping threads took: 0.0000383 seconds
2016-10-20T10:52:20.071+0530: 12006.634: Total time for which application threads were stopped: 0.0001591 seconds, Stopping threads took: 0.0000423 seconds
2016-10-20T10:52:20.071+0530: 12006.635: Total time for which application threads were stopped: 0.0001612 seconds, Stopping threads took: 0.0000357 seconds
2016-10-20T10:54:00.074+0530: 12106.638: Total time for which application threads were stopped: 0.0001159 seconds, Stopping threads took: 0.0000320 seconds
2016-10-20T10:54:28.680+0530: 12135.244: Total time for which application threads were stopped: 0.0000747 seconds, Stopping threads took: 0.0000152 seconds
2016-10-20T10:54:28.680+0530: 12135.244: Total time for which application threads were stopped: 0.0000586 seconds, Stopping threads took: 0.0000283 seconds
2016-10-20T10:54:29.680+0530: 12136.244: Total time for which application threads were stopped: 0.0000991 seconds, Stopping threads took: 0.0000346 seconds
2016-10-20T10:55:11.747+0530: 12178.311: Total time for which application threads